[0;32m[OpenFlight][0m Grafana Alloy already running (log shipping active)
[0;32m[OpenFlight][0m Starting OpenFlight server on port 8080...
[0;32m[OpenFlight][0m Trigger: sound
[0;32m[OpenFlight][0m Debug mode enabled (verbose output)
[0;32m[OpenFlight][0m Camera disabled
[0;32m[OpenFlight][0m Ballistic carry model enabled (simulator + drag/Magnus)
[0;32m[OpenFlight][0m Waiting for server to start...
[0:56:37.124465281] [6905]  INFO Camera camera_manager.cpp:340 libcamera v0.7.0+rpt20260205
[0:56:37.133237235] [6930]  INFO RPI pisp.cpp:720 libpisp version v1.4.0 23-03-2026 (13:29:05)
[0:56:37.142627197] [6930]  INFO IPAProxy ipa_proxy.cpp:180 Using tuning file /usr/share/libcamera/ipa/rpi/pisp/ov9281_mono.json
[0:56:37.143723071] [6930]  INFO Camera camera_manager.cpp:223 Adding camera '/base/axi/pcie@1000120000/rp1/i2c@88000/ov9281@60' for pipeline handler rpi/pisp
[0:56:37.143743163] [6930]  INFO RPI pisp.cpp:1181 Registered camera /base/axi/pcie@1000120000/rp1/i2c@88000/ov9281@60 to CFE device /dev/media1 and ISP device /dev/media0 using PiSP variant BCM2712_D0
2026-08-09 11:12:31,438 - picamera2.picamera2 - INFO - Initialization successful.
2026-08-09 11:12:31,438 - picamera2.picamera2 - INFO - Camera now open.
2026-08-09 11:12:31,440 - picamera2.picamera2 - INFO - Camera configuration has been adjusted!
[0:56:37.147435487] [6905]  INFO Camera camera.cpp:1215 configuring streams: (0) 640x400-YUV420/SMPTE170M (1) 640x400-R16/RAW
[0:56:37.147549019] [6930]  INFO RPI pisp.cpp:1485 Sensor: /base/axi/pcie@1000120000/rp1/i2c@88000/ov9281@60 - Selected sensor format: 640x400-Y8_1X8/RAW - Selected CFE format: 640x400-Y16 /RAW/Linear/Rec601/Limited
2026-08-09 11:12:31,440 - picamera2.picamera2 - INFO - Configuration successful!
2026-08-09 11:12:31,464 - picamera2.picamera2 - INFO - Camera started
2026-08-09 11:12:31,675 - openflight.camera.capture_runtime - INFO - [CAMERA] Capture armed at 640x400 300.0fps (raw, 45 pre/15 post)
2026-08-09 11:12:31,683 - openflight.server - INFO - [SERVER] Camera capture initialized: {'enabled': True, 'output_dir': '/home/pacinoj/openflight_sessions/trackman/camera', 'gpio_pin_bcm': 17, 'trigger_source': 'iwr6843_fanout', 'width': 640, 'height': 400, 'fps': 300.0, 'pre_ms': 150.0, 'post_ms': 50.0, 'pre_frames': 45, 'post_frames': 15, 'exposure_us': 600, 'gain': 15.0, 'stream': 'raw', 'rotate_180': True, 'scaler_crop': None, 'mount_height_m': 0.20955}
2026-08-09 11:12:36,646 - openflight.gpio_factory - INFO - [GPIO] Pin factory: lgpio on /dev/gpiochip4
2026-08-09 11:12:36,648 - openflight.iwr6843.monitor - INFO - [IWR6843] Configured on BCM17 using /dev/ttyUSB0 (iwr6843_l3dump_dense_36f2ms_32bin_iq8.cfg, waiting for OPS)
2026-08-09 11:12:36,648 - openflight.server - INFO - [SERVER] IWR6843 initialized (port=/dev/ttyUSB0, BCM17, estimator=LCMF-v1, firmware boundary freeze)
2026-08-09 11:12:37,413 - ops243 - INFO - [OPS] Transport=usb port=/dev/serial/by-id/usb-Infineon_IFX_CDC-if00 baud=57600 (nominal)
2026-08-09 11:12:37,413 - ops243 - INFO - [OPS] USB serial latency_timer unavailable: port=/dev/serial/by-id/usb-Infineon_IFX_CDC-if00 resolved=/dev/ttyACM0 (latency_timer not exposed)
2026-08-09 11:12:38,415 - ops243 - INFO - [OPS] Drained 15 bytes of stale data from serial buffer
2026-08-09 11:12:38,521 - ops243 - INFO - [OPS] Units: MPH
2026-08-09 11:12:38,629 - ops243 - INFO - [OPS] Transmit power: level 3 (reduced to avoid clipping)
2026-08-09 11:12:38,736 - ops243 - INFO - [OPS] Sample rate: 30ksps
2026-08-09 11:12:38,936 - ops243 - INFO - [OPS] Re-arm drain: 0 bytes in 0.2s
2026-08-09 11:12:39,287 - ops243 - INFO - [OPS] Rolling buffer re-armed (S#16)
2026-08-09 11:12:39,287 - ops243 - INFO - [OPS] Persisted rolling buffer prepared (S#16, 30ksps)
2026-08-09 11:12:39,287 - openflight.rolling_buffer.monitor - INFO - [MONITOR] Rolling buffer mode configured with S#16, S=30
2026-08-09 11:12:39,287 - openflight.server - INFO - [SERVER] Starting monitor: mode=rolling-buffer, trigger=sound, sample_rate=30ksps
2026-08-09 11:12:39,547 - ops243 - INFO - [OPS] Clock sync: method=integer_rollover offset=1786284952.542s best_read_latency=0.2ms spread=989.4ms rollover_uncertainty=10.6ms (12/12 valid)
2026-08-09 11:12:39,548 - openflight.rolling_buffer.trigger - INFO - [TRIGGER] Waiting for sound trigger (timeout=30s)...
2026-08-09 11:12:39,548 - openflight.rolling_buffer.monitor - INFO - [MONITOR] Rolling buffer monitor started (trigger: sound)
2026-08-09 11:12:39,549 - openflight.iwr6843.monitor - INFO - [IWR6843] Armed on BCM17
2026-08-09 11:12:39,549 - werkzeug - WARNING - Werkzeug appears to be used in a production deployment. Consider switching to a production web server instead.
==================================================
  OpenFlight UI Server
==================================================

Session logging enabled (location: trackman)
Ballistic carry model: ENABLED (simulator + drag/Magnus)
Camera capture enabled: /home/pacinoj/openflight_sessions/trackman/camera
Camera disabled by --no-camera flag
IWR6843 enabled (LCMF-v1 launch angle, BCM17, normal TX order)
IWR6843 raw dumps enabled: /home/pacinoj/openflight_sessions/iwr6843
Inclinometer enabled (raw pitch +0.26deg, calibrated -0.00deg)
IWR6843 tilt: configured 12.00deg, effective 12.00deg
[MODE] Rolling buffer mode (trigger: sound, sample_rate: 30ksps)
[SESSION] Started logging: /home/pacinoj/openflight_sessions/session_20260809_111239_trackman.jsonl
[SESSION] Mode: rolling-buffer (trigger: sound)
[SESSION] Raw radar log: /home/pacinoj/openflight_sessions/radar_raw_20260809_111239.log
Server starting at http://0.0.0.0:8080

 * Serving Flask app 'openflight.server'
 * Debug mode: off
2026-08-09 11:12:39,561 - werkzeug - INFO - [31m[1mWARNING: This is a development server. Do not use it in a production deployment. Use a production WSGI server instead.[0m
 * Running on all addresses (0.0.0.0)
 * Running on http://127.0.0.1:8080
 * Running on http://192.168.87.197:8080
2026-08-09 11:12:39,562 - werkzeug - INFO - [33mPress CTRL+C to quit[0m
2026-08-09 11:12:39,615 - werkzeug - INFO - 127.0.0.1 - - [09/Aug/2026 11:12:39] "GET / HTTP/1.1" 200 -
2026-08-09 11:12:39,629 - werkzeug - INFO - 127.0.0.1 - - [09/Aug/2026 11:12:39] "GET / HTTP/1.1" 200 -
[0;32m[OpenFlight][0m Server is running!
[0;32m[OpenFlight][0m Launching kiosk browser...
[0;32m[OpenFlight][0m OpenFlight is running! Press Ctrl+C to stop.
[7046:7046:0809/111240.157989:ERROR:base/memory/shared_memory_switch.cc:289] Failed global descriptor lookup: 7
Error: unrecognized flag --no-decommit-pooled-pages
Try --help for options
Error: unrecognized flag --no-decommit-pooled-pages
Try --help for options
2026-08-09 11:12:40,370 - werkzeug - INFO - 127.0.0.1 - - [09/Aug/2026 11:12:40] "[36mGET / HTTP/1.1[0m" 304 -
2026-08-09 11:12:40,398 - werkzeug - INFO - 127.0.0.1 - - [09/Aug/2026 11:12:40] "[36mGET /assets/index-l8iLdKab.css HTTP/1.1[0m" 304 -
2026-08-09 11:12:40,401 - werkzeug - INFO - 127.0.0.1 - - [09/Aug/2026 11:12:40] "[36mGET /assets/index-e59ysfWM.js HTTP/1.1[0m" 304 -
[6980:7017:0809/111243.497998:ERROR:google_apis/gcm/engine/registration_request.cc:291] Registration response error message: DEPRECATED_ENDPOINT
[7117:7117:0809/111246.535273:ERROR:base/memory/shared_memory_switch.cc:289] Failed global descriptor lookup: 7
2026-08-09 11:12:47,220 - ops243 - DEBUG - [OPS] Hardware trigger: first byte after 7.7s
[6980:7017:0809/111304.029243:ERROR:google_apis/gcm/engine/registration_request.cc:291] Registration response error message: DEPRECATED_ENDPOINT
2026-08-09 11:13:04,874 - openflight.iwr6843.monitor - INFO - [IWR6843] Trigger #1: dumping firmware-frozen L3 ring
2026-08-09 11:13:05,977 - openflight.camera.capture_runtime - INFO - [CAMERA] Capture #1 saved: 60 frames, 287.9fps, gaps=0 -> /home/pacinoj/openflight_sessions/trackman/camera/camera_20260809_111304_873_001
2026-08-09 11:13:06,727 - ops243 - INFO - [OPS] Hardware trigger: 41039 bytes in 27.2s
2026-08-09 11:13:06,727 - openflight.rolling_buffer.trigger - INFO - [TRIGGER] Sound trigger fired, 41039 bytes received
2026-08-09 11:13:07,542 - ops243 - INFO - [OPS] Clock sync: method=integer_rollover offset=1786284952.536s best_read_latency=0.2ms spread=989.1ms rollover_uncertainty=10.9ms (75/75 valid)
2026-08-09 11:13:07,543 - openflight.rolling_buffer.trigger - INFO - [TRIGGER] OPS clock sync selected: fresh offset=1786284952.536445s age=0.0ms (fresh=valid_integer_rollover, previous=valid_integer_rollover, delta=-5.6ms)
2026-08-09 11:13:07,743 - ops243 - INFO - [OPS] Re-arm drain: 0 bytes in 0.2s
2026-08-09 11:13:08,094 - ops243 - INFO - [OPS] Rolling buffer re-armed (S#16)
2026-08-09 11:13:08,094 - openflight.rolling_buffer.trigger - INFO - [TRIGGER] Sound trigger wall time 1786288384.873 (source=ops_clock_sync, first byte 1786288367.221, post-trigger 68.5ms)
2026-08-09 11:13:08,094 - openflight.rolling_buffer.trigger - INFO - [TRIGGER] Sound trigger accepted — peak 96.4 mph, 54 outbound readings
2026-08-09 11:13:08,113 - openflight.rolling_buffer.processor - INFO - [PROCESSOR] Ball speed: 96.4 mph (mode-based, 54 outbound readings)
2026-08-09 11:13:08,122 - openflight.iwr6843.monitor - INFO - [IWR6843] Capture #1 complete: 332036 bytes in 3.25s
2026-08-09 11:13:08,148 - openflight.rolling_buffer.processor - INFO - [PROCESSOR] Club speed: 77.4 mph at 11.7ms before ball
2026-08-09 11:13:08,149 - openflight.rolling_buffer.processor - INFO - [PROCESSOR] Impact estimate: OPS transition 61.3ms (club 73.3 mph @ 59.7ms -> ball 93.5 mph @ 62.9ms, delta=20.2 mph)
2026-08-09 11:13:08,150 - openflight.rolling_buffer.processor - INFO - [PROCESSOR] Multitaper repaired 0.02% clipped I/Q samples
2026-08-09 11:13:08,228 - openflight.rolling_buffer.processor - INFO - [PROCESSOR] Ungated multitaper spin: 3571 RPM, evidence=19.53, fade=36.04 Hz, window=71.9ms
2026-08-09 11:13:08,228 - openflight.rolling_buffer.processor - INFO - [PROCESSOR] Spin result: 3571 RPM, SNR=19.53, quality=experimental
2026-08-09 11:13:08,228 - openflight.rolling_buffer.monitor - INFO - [MONITOR] process_capture: 133.9ms
2026-08-09 11:13:08,228 - openflight.rolling_buffer.monitor - INFO - [MONITOR] Shot detected: ball=96.4 mph, club=77.4, spin=3571
2026-08-09 11:13:08,230 - openflight.server - INFO - [SERVER] Shot callback: 96.4 mph
2026-08-09 11:13:08,230 - openflight.server - INFO - [SERVER] Inclinometer pitch: raw +0.35deg, calibrated +0.08deg, IWR tilt 12.08deg (age 71ms)
2026-08-09 11:13:08,971 - openflight.iwr6843.club - INFO - [CLUB] track=ops_speed_prior OPS=77.4 mph radial=32.6 m/s ratio=0.94 impact_error=0.035 m inliers=70 rms=0.27 bins
2026-08-09 11:13:09,084 - openflight.server - INFO - [SERVER] IWR6843 TX2 horizontal proxy: -3.49° (coherence 89%, status=hlcmf_v0_accepted)
2026-08-09 11:13:09,084 - openflight.server - INFO - [SERVER] IWR6843 LCMF-v1 launch: 17.04° (38 snapshots/14 frames, component std 0.70°)
2026-08-09 11:13:09,085 - openflight.server - INFO - [SERVER] Camera capture #1 matched -> /home/pacinoj/openflight_sessions/trackman/camera/camera_20260809_111304_873_001
2026-08-09 11:13:09,357 - openflight.server - INFO - [SERVER] Camera-assisted horizontal: selected=-3.4887690220692082 camera=None IWR=-3.4887690220692082 delta=None status=camera_withheld_fallback_iwr support=0/27
2026-08-09 11:13:09,672 - openflight.server - INFO - [SERVER] Camera/IWR chained club delivery: AoA None path None (status=rejected_no_ball, features=0, speed_ratio=None, velocity_mad=None mph, impact_frame=None)
2026-08-09 11:13:09,673 - openflight.server - INFO - [SERVER] Ball speed cosine correction: 96.4 -> 99.0 mph (LA 17.0)
2026-08-09 11:13:09,673 - openflight.server - INFO - [SERVER] Calculated spin: 3859 rpm (v=99.0 mph, LA=17.0 deg, measured was 3571 rpm)
2026-08-09 11:13:09,697 - openflight.server - INFO - [SERVER] Ballistic carry: 133 yds (spin: 3859 rpm, source: measured)
2026-08-09 11:13:09,698 - openflight.server - INFO - [SERVER] Shot: ball=99.0 mph, carry=121 yds, Launch: 17.0°
2026-08-09 11:13:09,699 - openflight.rolling_buffer.monitor - INFO - [SHOT] #1: ball=99.0 mph, club=77.4, carry=121 yds | trigger=28546ms, process=134ms, callback=1469ms, total=30151ms
2026-08-09 11:13:09,699 - openflight.rolling_buffer.trigger - INFO - [TRIGGER] Waiting for sound trigger (timeout=30s)...
2026-08-09 11:13:17,227 - ops243 - DEBUG - [OPS] Hardware trigger: first byte after 7.5s
2026-08-09 11:13:37,707 - openflight.iwr6843.monitor - INFO - [IWR6843] Trigger #2: dumping firmware-frozen L3 ring
2026-08-09 11:13:38,698 - openflight.camera.capture_runtime - INFO - [CAMERA] Capture #2 saved: 60 frames, 287.9fps, gaps=0 -> /home/pacinoj/openflight_sessions/trackman/camera/camera_20260809_111337_707_002
2026-08-09 11:13:39,557 - ops243 - INFO - [OPS] Hardware trigger: 41039 bytes in 29.9s
2026-08-09 11:13:39,558 - openflight.rolling_buffer.trigger - INFO - [TRIGGER] Sound trigger fired, 41039 bytes received
2026-08-09 11:13:40,542 - ops243 - INFO - [OPS] Clock sync: method=integer_rollover offset=1786284952.537s best_read_latency=0.2ms spread=989.2ms rollover_uncertainty=10.8ms (91/91 valid)
2026-08-09 11:13:40,543 - openflight.rolling_buffer.trigger - INFO - [TRIGGER] OPS clock sync selected: fresh offset=1786284952.537027s age=0.0ms (fresh=valid_integer_rollover, previous=valid_integer_rollover, delta=0.6ms)
2026-08-09 11:13:40,743 - ops243 - INFO - [OPS] Re-arm drain: 0 bytes in 0.2s
2026-08-09 11:13:40,956 - openflight.iwr6843.monitor - INFO - [IWR6843] Capture #2 complete: 332036 bytes in 3.25s
2026-08-09 11:13:41,094 - ops243 - INFO - [OPS] Rolling buffer re-armed (S#16)
2026-08-09 11:13:41,094 - openflight.rolling_buffer.trigger - INFO - [TRIGGER] Sound trigger wall time 1786288417.709 (source=ops_clock_sync, first byte 1786288397.227, post-trigger 68.5ms)
2026-08-09 11:13:41,094 - openflight.rolling_buffer.trigger - INFO - [TRIGGER] Sound trigger accepted — peak 105.7 mph, 45 outbound readings
2026-08-09 11:13:41,105 - openflight.rolling_buffer.processor - INFO - [PROCESSOR] Ball speed: 105.7 mph (mode-based, 45 outbound readings)
2026-08-09 11:13:41,137 - openflight.rolling_buffer.processor - INFO - [PROCESSOR] Club speed: 81.4 mph at 18.1ms before ball
2026-08-09 11:13:41,137 - openflight.rolling_buffer.processor - INFO - [PROCESSOR] Impact estimate: OPS transition 67.7ms (club 80.0 mph @ 62.9ms -> ball 103.0 mph @ 72.5ms, delta=23.0 mph)
2026-08-09 11:13:41,195 - openflight.rolling_buffer.processor - INFO - [PROCESSOR] Ungated multitaper spin: 4285 RPM, evidence=5.28, fade=25.00 Hz, window=60.1ms
2026-08-09 11:13:41,195 - openflight.rolling_buffer.processor - INFO - [PROCESSOR] Spin result: 4285 RPM, SNR=5.28, quality=experimental
2026-08-09 11:13:41,195 - openflight.rolling_buffer.monitor - INFO - [MONITOR] process_capture: 100.9ms
2026-08-09 11:13:41,195 - openflight.rolling_buffer.monitor - INFO - [MONITOR] Shot detected: ball=105.7 mph, club=81.4, spin=4285
2026-08-09 11:13:41,197 - openflight.server - INFO - [SERVER] Shot callback: 105.7 mph
2026-08-09 11:13:41,197 - openflight.server - INFO - [SERVER] Inclinometer pitch: raw +0.41deg, calibrated +0.14deg, IWR tilt 12.14deg (age 12ms)
2026-08-09 11:13:41,882 - openflight.iwr6843.club - INFO - [CLUB] track=ops_speed_prior OPS=81.4 mph radial=35.9 m/s ratio=0.99 impact_error=0.018 m inliers=63 rms=0.35 bins
2026-08-09 11:13:41,963 - openflight.server - INFO - [SERVER] IWR6843 TX2 horizontal proxy: -8.04° (coherence 81%, status=hlcmf_v0_accepted)
2026-08-09 11:13:41,963 - openflight.server - INFO - [SERVER] IWR6843 LCMF-v1 launch: 18.98° (35 snapshots/11 frames, component std 0.35°)
2026-08-09 11:13:41,963 - openflight.server - INFO - [SERVER] Camera capture #2 matched -> /home/pacinoj/openflight_sessions/trackman/camera/camera_20260809_111337_707_002
2026-08-09 11:13:42,217 - openflight.server - INFO - [SERVER] Camera-assisted horizontal: selected=-8.040283146898387 camera=None IWR=-8.040283146898387 delta=None status=camera_withheld_fallback_iwr support=0/27
2026-08-09 11:13:42,521 - openflight.server - INFO - [SERVER] Camera/IWR chained club delivery: AoA None path None (status=rejected_no_ball, features=0, speed_ratio=None, velocity_mad=None mph, impact_frame=None)
2026-08-09 11:13:42,522 - openflight.server - INFO - [SERVER] Ball speed cosine correction: 105.7 -> 108.4 mph (LA 19.0)
2026-08-09 11:13:42,522 - openflight.server - INFO - [SERVER] Calculated spin: 4790 rpm (v=108.4 mph, LA=19.0 deg, measured was 4285 rpm)
2026-08-09 11:13:42,548 - openflight.server - INFO - [SERVER] Ballistic carry: 159 yds (spin: 4790 rpm, source: measured)
2026-08-09 11:13:42,548 - openflight.server - INFO - [SERVER] Shot: ball=108.4 mph, carry=147 yds, Launch: 19.0°
2026-08-09 11:13:42,549 - openflight.rolling_buffer.monitor - INFO - [SHOT] #2: ball=108.4 mph, club=81.4, carry=147 yds | trigger=31395ms, process=101ms, callback=1352ms, total=32849ms
2026-08-09 11:13:42,549 - openflight.rolling_buffer.trigger - INFO - [TRIGGER] Waiting for sound trigger (timeout=30s)...
2026-08-09 11:13:47,221 - ops243 - DEBUG - [OPS] Hardware trigger: first byte after 4.7s
[6980:7017:0809/111402.217081:ERROR:google_apis/gcm/engine/registration_request.cc:291] Registration response error message: DEPRECATED_ENDPOINT
2026-08-09 11:14:02,385 - openflight.iwr6843.monitor - INFO - [IWR6843] Trigger #3: dumping firmware-frozen L3 ring
2026-08-09 11:14:03,336 - openflight.camera.capture_runtime - INFO - [CAMERA] Capture #3 saved: 60 frames, 287.9fps, gaps=0 -> /home/pacinoj/openflight_sessions/trackman/camera/camera_20260809_111402_385_003
2026-08-09 11:14:04,236 - ops243 - INFO - [OPS] Hardware trigger: 41039 bytes in 21.7s
2026-08-09 11:14:04,236 - openflight.rolling_buffer.trigger - INFO - [TRIGGER] Sound trigger fired, 41039 bytes received
2026-08-09 11:14:04,628 - ops243 - INFO - [OPS] Clock sync: method=integer_rollover offset=1786284952.525s best_read_latency=0.1ms spread=989.3ms rollover_uncertainty=10.7ms (36/36 valid)
2026-08-09 11:14:04,629 - openflight.rolling_buffer.trigger - INFO - [TRIGGER] OPS clock sync selected: fresh offset=1786284952.525425s age=0.0ms (fresh=valid_integer_rollover, previous=valid_integer_rollover, delta=-11.6ms)
2026-08-09 11:14:04,829 - ops243 - INFO - [OPS] Re-arm drain: 0 bytes in 0.2s
2026-08-09 11:14:05,180 - ops243 - INFO - [OPS] Rolling buffer re-armed (S#16)
2026-08-09 11:14:05,180 - openflight.rolling_buffer.trigger - INFO - [TRIGGER] Sound trigger wall time 1786288442.379 (source=ops_clock_sync, first byte 1786288427.221, post-trigger 68.5ms)
2026-08-09 11:14:05,180 - openflight.rolling_buffer.trigger - INFO - [TRIGGER] Sound trigger accepted — peak 103.0 mph, 46 outbound readings
2026-08-09 11:14:05,191 - openflight.rolling_buffer.processor - INFO - [PROCESSOR] Ball speed: 103.0 mph (mode-based, 46 outbound readings)
2026-08-09 11:14:05,232 - openflight.rolling_buffer.processor - INFO - [PROCESSOR] Club speed: 81.2 mph at 20.3ms before ball
2026-08-09 11:14:05,232 - openflight.rolling_buffer.processor - INFO - [PROCESSOR] Impact estimate: OPS transition 67.7ms (club 83.4 mph @ 61.9ms -> ball 100.2 mph @ 73.6ms, delta=16.8 mph)
2026-08-09 11:14:05,303 - openflight.rolling_buffer.processor - INFO - [PROCESSOR] Ungated multitaper spin: 5603 RPM, evidence=4.66, fade=26.79 Hz, window=58.0ms
2026-08-09 11:14:05,303 - openflight.rolling_buffer.processor - INFO - [PROCESSOR] Spin result: 5603 RPM, SNR=4.66, quality=experimental
2026-08-09 11:14:05,303 - openflight.rolling_buffer.monitor - INFO - [MONITOR] process_capture: 123.3ms
2026-08-09 11:14:05,304 - openflight.rolling_buffer.monitor - INFO - [MONITOR] Shot detected: ball=103.0 mph, club=81.2, spin=5603
2026-08-09 11:14:05,305 - openflight.server - INFO - [SERVER] Shot callback: 103.0 mph
2026-08-09 11:14:05,306 - openflight.server - INFO - [SERVER] Inclinometer pitch: raw +0.44deg, calibrated +0.17deg, IWR tilt 12.17deg (age 44ms)
2026-08-09 11:14:05,632 - openflight.iwr6843.monitor - INFO - [IWR6843] Capture #3 complete: 332036 bytes in 3.25s
2026-08-09 11:14:06,257 - openflight.iwr6843.club - INFO - [CLUB] track=ops_speed_prior OPS=81.2 mph radial=37.0 m/s ratio=1.02 impact_error=0.012 m inliers=63 rms=0.41 bins
2026-08-09 11:14:06,363 - openflight.server - INFO - [SERVER] IWR6843 TX2 horizontal proxy: 1.09° (coherence 87%, status=hlcmf_v0_accepted)
2026-08-09 11:14:06,363 - openflight.server - INFO - [SERVER] IWR6843 LCMF-v1 launch: 20.06° (35 snapshots/12 frames, component std 0.67°)
2026-08-09 11:14:06,363 - openflight.server - INFO - [SERVER] Camera capture #3 matched -> /home/pacinoj/openflight_sessions/trackman/camera/camera_20260809_111402_385_003
2026-08-09 11:14:06,622 - openflight.server - INFO - [SERVER] Camera-assisted horizontal: selected=1.0850646902839713 camera=None IWR=1.0850646902839713 delta=None status=camera_withheld_fallback_iwr support=0/27
2026-08-09 11:14:06,924 - openflight.server - INFO - [SERVER] Camera/IWR chained club delivery: AoA None path None (status=rejected_no_ball, features=0, speed_ratio=None, velocity_mad=None mph, impact_frame=None)
2026-08-09 11:14:06,924 - openflight.server - INFO - [SERVER] Ball speed cosine correction: 103.0 -> 105.9 mph (LA 20.1)
2026-08-09 11:14:06,924 - openflight.server - INFO - [SERVER] Calculated spin: 4985 rpm (v=105.9 mph, LA=20.1 deg, measured was 5603 rpm)
2026-08-09 11:14:06,950 - openflight.server - INFO - [SERVER] Ballistic carry: 156 yds (spin: 4985 rpm, source: measured)
2026-08-09 11:14:06,951 - openflight.server - INFO - [SERVER] Shot: ball=105.9 mph, carry=142 yds, Launch: 20.1°
2026-08-09 11:14:06,951 - openflight.rolling_buffer.monitor - INFO - [SHOT] #3: ball=105.9 mph, club=81.2, carry=142 yds | trigger=22631ms, process=123ms, callback=1646ms, total=24403ms
2026-08-09 11:14:06,951 - openflight.rolling_buffer.trigger - INFO - [TRIGGER] Waiting for sound trigger (timeout=30s)...
2026-08-09 11:14:17,223 - ops243 - DEBUG - [OPS] Hardware trigger: first byte after 10.3s
2026-08-09 11:14:32,772 - openflight.iwr6843.monitor - INFO - [IWR6843] Trigger #4: dumping firmware-frozen L3 ring
2026-08-09 11:14:33,715 - openflight.camera.capture_runtime - INFO - [CAMERA] Capture #4 saved: 60 frames, 287.9fps, gaps=0 -> /home/pacinoj/openflight_sessions/trackman/camera/camera_20260809_111432_771_004
2026-08-09 11:14:34,620 - ops243 - INFO - [OPS] Hardware trigger: 41039 bytes in 27.7s
2026-08-09 11:14:34,621 - openflight.rolling_buffer.trigger - INFO - [TRIGGER] Sound trigger fired, 41039 bytes received
2026-08-09 11:14:35,526 - ops243 - INFO - [OPS] Clock sync: method=integer_rollover offset=1786284952.521s best_read_latency=0.1ms spread=989.2ms rollover_uncertainty=10.8ms (84/84 valid)
2026-08-09 11:14:35,528 - openflight.rolling_buffer.trigger - INFO - [TRIGGER] OPS clock sync selected: fresh offset=1786284952.520860s age=0.0ms (fresh=valid_integer_rollover, previous=valid_integer_rollover, delta=-4.6ms)
2026-08-09 11:14:35,729 - ops243 - INFO - [OPS] Re-arm drain: 0 bytes in 0.2s
2026-08-09 11:14:36,019 - openflight.iwr6843.monitor - INFO - [IWR6843] Capture #4 complete: 332036 bytes in 3.25s
2026-08-09 11:14:36,080 - ops243 - INFO - [OPS] Rolling buffer re-armed (S#16)
2026-08-09 11:14:36,081 - openflight.rolling_buffer.trigger - INFO - [TRIGGER] Sound trigger wall time 1786288472.766 (source=ops_clock_sync, first byte 1786288457.223, post-trigger 68.5ms)
2026-08-09 11:14:36,081 - openflight.rolling_buffer.trigger - INFO - [TRIGGER] Sound trigger accepted — peak 93.4 mph, 41 outbound readings
2026-08-09 11:14:36,091 - openflight.rolling_buffer.processor - INFO - [PROCESSOR] Ball speed: 93.4 mph (mode-based, 41 outbound readings)
2026-08-09 11:14:36,122 - openflight.rolling_buffer.processor - INFO - [PROCESSOR] Club speed: 78.4 mph at 12.8ms before ball
2026-08-09 11:14:36,122 - openflight.rolling_buffer.processor - INFO - [PROCESSOR] Impact estimate: OPS transition 63.5ms (club 76.8 mph @ 62.9ms -> ball 91.8 mph @ 64.0ms, delta=15.1 mph)
2026-08-09 11:14:36,189 - openflight.rolling_buffer.processor - INFO - [PROCESSOR] Ungated multitaper spin: 3131 RPM, evidence=44.10, fade=33.96 Hz, window=68.7ms
2026-08-09 11:14:36,189 - openflight.rolling_buffer.processor - INFO - [PROCESSOR] Spin result: 3131 RPM, SNR=44.10, quality=experimental
2026-08-09 11:14:36,190 - openflight.rolling_buffer.monitor - INFO - [MONITOR] process_capture: 108.6ms
2026-08-09 11:14:36,190 - openflight.rolling_buffer.monitor - INFO - [MONITOR] Shot detected: ball=93.4 mph, club=78.4, spin=3131
2026-08-09 11:14:36,191 - openflight.server - INFO - [SERVER] Shot callback: 93.4 mph
2026-08-09 11:14:36,192 - openflight.server - INFO - [SERVER] Inclinometer pitch: raw +0.29deg, calibrated +0.03deg, IWR tilt 12.03deg (age 84ms)
2026-08-09 11:14:36,884 - openflight.iwr6843.club - INFO - [CLUB] track=ops_speed_prior OPS=78.4 mph radial=33.3 m/s ratio=0.95 impact_error=0.070 m inliers=62 rms=0.36 bins
2026-08-09 11:14:36,974 - openflight.server - INFO - [SERVER] IWR6843 TX2 horizontal proxy: 10.94° (coherence 40%, status=hlcmf_v0_accepted)
2026-08-09 11:14:36,974 - openflight.server - INFO - [SERVER] IWR6843 LCMF-v1 launch: 14.53° (42 snapshots/13 frames, component std 2.40°)
2026-08-09 11:14:36,974 - openflight.server - INFO - [SERVER] Camera capture #4 matched -> /home/pacinoj/openflight_sessions/trackman/camera/camera_20260809_111432_771_004
2026-08-09 11:14:37,237 - openflight.server - INFO - [SERVER] Camera-assisted horizontal: selected=10.940358271937336 camera=None IWR=10.940358271937336 delta=None status=camera_withheld_fallback_iwr support=0/27
2026-08-09 11:14:37,552 - openflight.server - INFO - [SERVER] Camera/IWR chained club delivery: AoA None path None (status=rejected_no_ball, features=0, speed_ratio=None, velocity_mad=None mph, impact_frame=None)
2026-08-09 11:14:37,552 - openflight.server - INFO - [SERVER] Ball speed cosine correction: 93.4 -> 95.7 mph (LA 14.5)
2026-08-09 11:14:37,552 - openflight.server - INFO - [SERVER] Calculated spin: 3095 rpm (v=95.7 mph, LA=14.5 deg, measured was 3131 rpm)
2026-08-09 11:14:37,570 - openflight.server - INFO - [SERVER] Ballistic carry: 113 yds (spin: 3095 rpm, source: measured)
2026-08-09 11:14:37,571 - openflight.server - INFO - [SERVER] Shot: ball=95.7 mph, carry=117 yds, Launch: 14.5°
2026-08-09 11:14:37,571 - openflight.rolling_buffer.monitor - INFO - [SHOT] #4: ball=95.7 mph, club=78.4, carry=117 yds | trigger=29129ms, process=109ms, callback=1380ms, total=30619ms
2026-08-09 11:14:37,571 - openflight.rolling_buffer.trigger - INFO - [TRIGGER] Waiting for sound trigger (timeout=30s)...
2026-08-09 11:14:46,023 - openflight.iwr6843.monitor - INFO - [IWR6843] Trigger #5: dumping firmware-frozen L3 ring
2026-08-09 11:14:46,110 - ops243 - DEBUG - [OPS] Hardware trigger: first byte after 8.5s
2026-08-09 11:14:46,975 - openflight.camera.capture_runtime - INFO - [CAMERA] Capture #5 saved: 60 frames, 287.9fps, gaps=0 -> /home/pacinoj/openflight_sessions/trackman/camera/camera_20260809_111446_022_005
2026-08-09 11:14:47,873 - ops243 - INFO - [OPS] Hardware trigger: 41037 bytes in 10.3s
2026-08-09 11:14:47,873 - openflight.rolling_buffer.trigger - INFO - [TRIGGER] Sound trigger fired, 41037 bytes received
2026-08-09 11:14:48,534 - ops243 - INFO - [OPS] Clock sync: method=integer_rollover offset=1786284952.528s best_read_latency=0.2ms spread=989.0ms rollover_uncertainty=11.0ms (61/61 valid)
2026-08-09 11:14:48,534 - openflight.rolling_buffer.trigger - INFO - [TRIGGER] OPS clock sync selected: fresh offset=1786284952.528132s age=0.0ms (fresh=valid_integer_rollover, previous=valid_integer_rollover, delta=7.3ms)
2026-08-09 11:14:48,734 - ops243 - INFO - [OPS] Re-arm drain: 0 bytes in 0.2s
2026-08-09 11:14:49,085 - ops243 - INFO - [OPS] Rolling buffer re-armed (S#16)
2026-08-09 11:14:49,085 - openflight.rolling_buffer.trigger - INFO - [TRIGGER] Sound trigger wall time 1786288486.024 (source=ops_clock_sync, first byte 1786288486.110, post-trigger 68.5ms)
2026-08-09 11:14:49,085 - openflight.rolling_buffer.trigger - INFO - [TRIGGER] Sound trigger accepted — peak 102.8 mph, 44 outbound readings
2026-08-09 11:14:49,099 - openflight.rolling_buffer.processor - INFO - [PROCESSOR] Ball speed: 102.8 mph (mode-based, 44 outbound readings)
2026-08-09 11:14:49,139 - openflight.rolling_buffer.processor - INFO - [PROCESSOR] Club speed: 79.7 mph at 18.1ms before ball
2026-08-09 11:14:49,139 - openflight.rolling_buffer.processor - INFO - [PROCESSOR] Impact estimate: OPS transition 66.1ms (club 82.4 mph @ 60.8ms -> ball 100.0 mph @ 71.5ms, delta=17.6 mph)
2026-08-09 11:14:49,141 - openflight.rolling_buffer.processor - INFO - [PROCESSOR] Multitaper repaired 0.02% clipped I/Q samples
2026-08-09 11:14:49,185 - openflight.rolling_buffer.processor - INFO - [PROCESSOR] Ungated multitaper spin: 3845 RPM, evidence=6.53, fade=25.00 Hz, window=61.2ms
2026-08-09 11:14:49,186 - openflight.rolling_buffer.processor - INFO - [PROCESSOR] Spin result: 3845 RPM, SNR=6.53, quality=experimental
2026-08-09 11:14:49,186 - openflight.rolling_buffer.monitor - INFO - [MONITOR] process_capture: 100.9ms
2026-08-09 11:14:49,187 - openflight.rolling_buffer.monitor - INFO - [MONITOR] Shot detected: ball=102.8 mph, club=79.7, spin=3845
2026-08-09 11:14:49,189 - openflight.server - INFO - [SERVER] Shot callback: 102.8 mph
2026-08-09 11:14:49,189 - openflight.server - INFO - [SERVER] Inclinometer pitch: raw +0.26deg, calibrated -0.00deg, IWR tilt 12.00deg (age 18ms)
2026-08-09 11:14:49,277 - openflight.iwr6843.monitor - INFO - [IWR6843] Capture #5 complete: 332036 bytes in 3.25s
2026-08-09 11:14:49,893 - openflight.iwr6843.club - INFO - [CLUB] track=ops_speed_prior OPS=79.7 mph radial=34.5 m/s ratio=0.97 impact_error=0.023 m inliers=66 rms=0.29 bins
2026-08-09 11:14:49,982 - openflight.server - INFO - [SERVER] IWR6843 TX2 horizontal proxy: 0.17° (coherence 88%, status=hlcmf_v0_accepted)
2026-08-09 11:14:49,982 - openflight.server - INFO - [SERVER] IWR6843 LCMF-v1 launch: 20.40° (31 snapshots/9 frames, component std 0.92°)
2026-08-09 11:14:49,982 - openflight.server - INFO - [SERVER] Camera capture #5 matched -> /home/pacinoj/openflight_sessions/trackman/camera/camera_20260809_111446_022_005
2026-08-09 11:14:50,238 - openflight.server - INFO - [SERVER] Camera-assisted horizontal: selected=0.16878632342015953 camera=None IWR=0.16878632342015953 delta=None status=camera_withheld_fallback_iwr support=0/27
2026-08-09 11:14:50,543 - openflight.server - INFO - [SERVER] Camera/IWR chained club delivery: AoA None path None (status=rejected_no_ball, features=0, speed_ratio=None, velocity_mad=None mph, impact_frame=None)
2026-08-09 11:14:50,543 - openflight.server - INFO - [SERVER] Ball speed cosine correction: 102.8 -> 105.7 mph (LA 20.4)
2026-08-09 11:14:50,543 - openflight.server - INFO - [SERVER] Calculated spin: 5076 rpm (v=105.7 mph, LA=20.4 deg, measured was 3845 rpm)
2026-08-09 11:14:50,570 - openflight.server - INFO - [SERVER] Ballistic carry: 157 yds (spin: 5076 rpm, source: measured)
2026-08-09 11:14:50,571 - openflight.server - INFO - [SERVER] Shot: ball=105.7 mph, carry=142 yds, Launch: 20.4°
2026-08-09 11:14:50,571 - openflight.rolling_buffer.monitor - INFO - [SHOT] #5: ball=105.7 mph, club=79.7, carry=142 yds | trigger=11514ms, process=101ms, callback=1382ms, total=13000ms
2026-08-09 11:14:50,572 - openflight.rolling_buffer.trigger - INFO - [TRIGGER] Waiting for sound trigger (timeout=30s)...
2026-08-09 11:15:02,215 - ops243 - DEBUG - [OPS] Hardware trigger: first byte after 11.6s
2026-08-09 11:15:06,120 - openflight.iwr6843.monitor - INFO - [IWR6843] Trigger #6: dumping firmware-frozen L3 ring
2026-08-09 11:15:07,206 - openflight.camera.capture_runtime - INFO - [CAMERA] Capture #6 saved: 60 frames, 287.9fps, gaps=0 -> /home/pacinoj/openflight_sessions/trackman/camera/camera_20260809_111506_120_006
2026-08-09 11:15:07,973 - ops243 - INFO - [OPS] Hardware trigger: 41037 bytes in 17.4s
2026-08-09 11:15:07,973 - openflight.rolling_buffer.trigger - INFO - [TRIGGER] Sound trigger fired, 41037 bytes received
2026-08-09 11:15:08,524 - ops243 - INFO - [OPS] Clock sync: method=integer_rollover offset=1786284952.519s best_read_latency=0.2ms spread=989.0ms rollover_uncertainty=11.0ms (51/51 valid)
2026-08-09 11:15:08,524 - openflight.rolling_buffer.trigger - INFO - [TRIGGER] OPS clock sync selected: fresh offset=1786284952.518535s age=0.0ms (fresh=valid_integer_rollover, previous=valid_integer_rollover, delta=-9.6ms)
2026-08-09 11:15:08,724 - ops243 - INFO - [OPS] Re-arm drain: 0 bytes in 0.2s
2026-08-09 11:15:09,075 - ops243 - INFO - [OPS] Rolling buffer re-armed (S#16)
2026-08-09 11:15:09,075 - openflight.rolling_buffer.trigger - INFO - [TRIGGER] Sound trigger wall time 1786288506.117 (source=ops_clock_sync, first byte 1786288502.215, post-trigger 68.5ms)
2026-08-09 11:15:09,075 - openflight.rolling_buffer.trigger - INFO - [TRIGGER] Sound trigger accepted — peak 105.4 mph, 46 outbound readings
2026-08-09 11:15:09,089 - openflight.rolling_buffer.processor - INFO - [PROCESSOR] Ball speed: 105.4 mph (mode-based, 46 outbound readings)
2026-08-09 11:15:09,127 - openflight.rolling_buffer.processor - INFO - [PROCESSOR] Club speed: 83.6 mph at 16.0ms before ball
2026-08-09 11:15:09,127 - openflight.rolling_buffer.processor - INFO - [PROCESSOR] Impact estimate: OPS transition 63.5ms (club 82.4 mph @ 58.7ms -> ball 102.4 mph @ 68.3ms, delta=20.1 mph)
2026-08-09 11:15:09,175 - openflight.rolling_buffer.processor - INFO - [PROCESSOR] Ungated multitaper spin: 10547 RPM, evidence=0.92, fade=25.00 Hz, window=62.3ms
2026-08-09 11:15:09,175 - openflight.rolling_buffer.processor - INFO - [PROCESSOR] Spin result: 10547 RPM, SNR=0.92, quality=experimental
2026-08-09 11:15:09,175 - openflight.rolling_buffer.monitor - INFO - [MONITOR] process_capture: 99.4ms
2026-08-09 11:15:09,175 - openflight.rolling_buffer.monitor - INFO - [MONITOR] Shot detected: ball=105.4 mph, club=83.6, spin=10547
2026-08-09 11:15:09,177 - openflight.server - INFO - [SERVER] Shot callback: 105.4 mph
2026-08-09 11:15:09,178 - openflight.server - INFO - [SERVER] Inclinometer pitch: raw +0.35deg, calibrated +0.08deg, IWR tilt 12.08deg (age 68ms)
2026-08-09 11:15:09,367 - openflight.iwr6843.monitor - INFO - [IWR6843] Capture #6 complete: 332036 bytes in 3.25s
2026-08-09 11:15:10,003 - openflight.iwr6843.club - INFO - [CLUB] track=ops_speed_prior OPS=83.6 mph radial=34.6 m/s ratio=0.93 impact_error=0.028 m inliers=62 rms=0.36 bins
2026-08-09 11:15:10,107 - openflight.server - INFO - [SERVER] IWR6843 TX2 horizontal proxy: -4.41° (coherence 80%, status=hlcmf_v0_accepted)
2026-08-09 11:15:10,107 - openflight.server - INFO - [SERVER] IWR6843 LCMF-v1 launch: 15.97° (29 snapshots/8 frames, component std 0.07°)
2026-08-09 11:15:10,108 - openflight.server - INFO - [SERVER] Camera capture #6 matched -> /home/pacinoj/openflight_sessions/trackman/camera/camera_20260809_111506_120_006
2026-08-09 11:15:10,393 - openflight.server - INFO - [SERVER] Camera-assisted horizontal: selected=-4.41035758161368 camera=None IWR=-4.41035758161368 delta=None status=camera_withheld_fallback_iwr support=0/27
2026-08-09 11:15:10,720 - openflight.server - INFO - [SERVER] Camera/IWR chained club delivery: AoA None path None (status=rejected_no_ball, features=0, speed_ratio=None, velocity_mad=None mph, impact_frame=None)
2026-08-09 11:15:10,720 - openflight.server - INFO - [SERVER] Ball speed cosine correction: 105.4 -> 107.8 mph (LA 16.0)
2026-08-09 11:15:10,720 - openflight.server - INFO - [SERVER] Calculated spin: 3895 rpm (v=107.8 mph, LA=16.0 deg, measured was 10547 rpm)
2026-08-09 11:15:10,743 - openflight.server - INFO - [SERVER] Ballistic carry: 151 yds (spin: 3895 rpm, source: measured)
2026-08-09 11:15:10,745 - openflight.server - INFO - [SERVER] Shot: ball=107.8 mph, carry=142 yds, Launch: 16.0°
2026-08-09 11:15:10,745 - openflight.rolling_buffer.monitor - INFO - [SHOT] #6: ball=107.8 mph, club=83.6, carry=142 yds | trigger=18504ms, process=99ms, callback=1568ms, total=20173ms
2026-08-09 11:15:10,746 - openflight.rolling_buffer.trigger - INFO - [TRIGGER] Waiting for sound trigger (timeout=30s)...
2026-08-09 11:15:17,226 - ops243 - DEBUG - [OPS] Hardware trigger: first byte after 6.5s
2026-08-09 11:15:20,310 - openflight.iwr6843.monitor - INFO - [IWR6843] Trigger #7: dumping firmware-frozen L3 ring
2026-08-09 11:15:21,374 - openflight.camera.capture_runtime - INFO - [CAMERA] Capture #7 saved: 60 frames, 287.9fps, gaps=0 -> /home/pacinoj/openflight_sessions/trackman/camera/camera_20260809_111520_310_007
2026-08-09 11:15:22,162 - ops243 - INFO - [OPS] Hardware trigger: 41037 bytes in 11.4s
2026-08-09 11:15:22,162 - openflight.rolling_buffer.trigger - INFO - [TRIGGER] Sound trigger fired, 41037 bytes received
2026-08-09 11:15:22,556 - ops243 - INFO - [OPS] Clock sync: method=integer_rollover offset=1786284952.518s best_read_latency=0.2ms spread=988.8ms rollover_uncertainty=11.2ms (36/36 valid)
2026-08-09 11:15:22,557 - openflight.rolling_buffer.trigger - INFO - [TRIGGER] OPS clock sync selected: fresh offset=1786284952.517759s age=0.0ms (fresh=valid_integer_rollover, previous=valid_integer_rollover, delta=-0.8ms)
2026-08-09 11:15:22,758 - ops243 - INFO - [OPS] Re-arm drain: 0 bytes in 0.2s
2026-08-09 11:15:23,109 - ops243 - INFO - [OPS] Rolling buffer re-armed (S#16)
2026-08-09 11:15:23,109 - openflight.rolling_buffer.trigger - INFO - [TRIGGER] Sound trigger wall time 1786288520.307 (source=ops_clock_sync, first byte 1786288517.227, post-trigger 68.5ms)
2026-08-09 11:15:23,109 - openflight.rolling_buffer.trigger - INFO - [TRIGGER] Sound trigger accepted — peak 105.3 mph, 44 outbound readings
2026-08-09 11:15:23,119 - openflight.rolling_buffer.processor - INFO - [PROCESSOR] Ball speed: 105.3 mph (mode-based, 44 outbound readings)
2026-08-09 11:15:23,160 - openflight.rolling_buffer.processor - INFO - [PROCESSOR] Club speed: 78.5 mph at 11.7ms before ball
2026-08-09 11:15:23,160 - openflight.rolling_buffer.processor - INFO - [PROCESSOR] Impact estimate: OPS transition 61.9ms (club 80.4 mph @ 60.8ms -> ball 102.6 mph @ 62.9ms, delta=22.2 mph)
2026-08-09 11:15:23,231 - openflight.rolling_buffer.processor - INFO - [PROCESSOR] Ungated multitaper spin: 2966 RPM, evidence=20.79, fade=32.25 Hz, window=70.8ms
2026-08-09 11:15:23,232 - openflight.rolling_buffer.processor - INFO - [PROCESSOR] Spin result: 2966 RPM, SNR=20.79, quality=experimental
2026-08-09 11:15:23,232 - openflight.rolling_buffer.monitor - INFO - [MONITOR] process_capture: 122.8ms
2026-08-09 11:15:23,232 - openflight.rolling_buffer.monitor - INFO - [MONITOR] Shot detected: ball=105.3 mph, club=78.5, spin=2966
2026-08-09 11:15:23,235 - openflight.server - INFO - [SERVER] Shot callback: 105.3 mph
2026-08-09 11:15:23,235 - openflight.server - INFO - [SERVER] Inclinometer pitch: raw +0.23deg, calibrated -0.03deg, IWR tilt 11.97deg (age 30ms)
2026-08-09 11:15:23,557 - openflight.iwr6843.monitor - INFO - [IWR6843] Capture #7 complete: 332036 bytes in 3.25s
2026-08-09 11:15:24,193 - openflight.iwr6843.club - INFO - [CLUB] track=ops_speed_prior OPS=78.5 mph radial=34.2 m/s ratio=0.97 impact_error=0.030 m inliers=68 rms=0.31 bins
2026-08-09 11:15:24,278 - openflight.server - INFO - [SERVER] IWR6843 TX2 horizontal proxy: -2.45° (coherence 89%, status=hlcmf_v0_accepted)
2026-08-09 11:15:24,278 - openflight.server - INFO - [SERVER] IWR6843 LCMF-v1 launch: 15.28° (29 snapshots/8 frames, component std 0.28°)
2026-08-09 11:15:24,279 - openflight.server - INFO - [SERVER] Camera capture #7 matched -> /home/pacinoj/openflight_sessions/trackman/camera/camera_20260809_111520_310_007
2026-08-09 11:15:24,541 - openflight.server - INFO - [SERVER] Camera-assisted horizontal: selected=-2.450559687255097 camera=None IWR=-2.450559687255097 delta=None status=camera_withheld_fallback_iwr support=0/27
2026-08-09 11:15:24,930 - openflight.server - INFO - [SERVER] Camera/IWR chained club delivery: AoA None path None (status=rejected_no_impact, features=0, speed_ratio=None, velocity_mad=None mph, impact_frame=None)
2026-08-09 11:15:24,930 - openflight.server - INFO - [SERVER] Ball speed cosine correction: 105.3 -> 107.6 mph (LA 15.3)
2026-08-09 11:15:24,930 - openflight.server - INFO - [SERVER] Calculated spin: 3694 rpm (v=107.6 mph, LA=15.3 deg, measured was 2966 rpm)
2026-08-09 11:15:24,953 - openflight.server - INFO - [SERVER] Ballistic carry: 148 yds (spin: 3694 rpm, source: measured)
2026-08-09 11:15:24,954 - openflight.server - INFO - [SERVER] Shot: ball=107.6 mph, carry=141 yds, Launch: 15.3°
2026-08-09 11:15:24,955 - openflight.rolling_buffer.monitor - INFO - [SHOT] #7: ball=107.6 mph, club=78.5, carry=141 yds | trigger=12363ms, process=123ms, callback=1720ms, total=14209ms
2026-08-09 11:15:24,955 - openflight.rolling_buffer.trigger - INFO - [TRIGGER] Waiting for sound trigger (timeout=30s)...
2026-08-09 11:15:32,221 - ops243 - DEBUG - [OPS] Hardware trigger: first byte after 7.3s
2026-08-09 11:15:36,008 - openflight.iwr6843.monitor - INFO - [IWR6843] Trigger #8: dumping firmware-frozen L3 ring
2026-08-09 11:15:37,072 - openflight.camera.capture_runtime - INFO - [CAMERA] Capture #8 saved: 60 frames, 287.9fps, gaps=0 -> /home/pacinoj/openflight_sessions/trackman/camera/camera_20260809_111536_008_008
2026-08-09 11:15:37,859 - ops243 - INFO - [OPS] Hardware trigger: 41037 bytes in 12.9s
2026-08-09 11:15:37,860 - openflight.rolling_buffer.trigger - INFO - [TRIGGER] Sound trigger fired, 41037 bytes received
2026-08-09 11:15:38,523 - ops243 - INFO - [OPS] Clock sync: method=integer_rollover offset=1786284952.518s best_read_latency=0.2ms spread=989.2ms rollover_uncertainty=10.8ms (61/61 valid)
2026-08-09 11:15:38,523 - openflight.rolling_buffer.trigger - INFO - [TRIGGER] OPS clock sync selected: fresh offset=1786284952.517805s age=0.0ms (fresh=valid_integer_rollover, previous=valid_integer_rollover, delta=0.0ms)
2026-08-09 11:15:38,724 - ops243 - INFO - [OPS] Re-arm drain: 0 bytes in 0.2s
2026-08-09 11:15:39,074 - ops243 - INFO - [OPS] Rolling buffer re-armed (S#16)
2026-08-09 11:15:39,074 - openflight.rolling_buffer.trigger - INFO - [TRIGGER] Sound trigger wall time 1786288536.007 (source=ops_clock_sync, first byte 1786288532.222, post-trigger 68.5ms)
2026-08-09 11:15:39,074 - openflight.rolling_buffer.trigger - INFO - [TRIGGER] Sound trigger accepted — peak 101.3 mph, 51 outbound readings
2026-08-09 11:15:39,089 - openflight.rolling_buffer.processor - INFO - [PROCESSOR] Ball speed: 101.3 mph (mode-based, 51 outbound readings)
2026-08-09 11:15:39,124 - openflight.rolling_buffer.processor - INFO - [PROCESSOR] Club speed: 79.8 mph at 11.7ms before ball
2026-08-09 11:15:39,125 - openflight.rolling_buffer.processor - INFO - [PROCESSOR] Impact estimate: OPS transition 62.4ms (club 75.1 mph @ 60.8ms -> ball 98.5 mph @ 64.0ms, delta=23.3 mph)
2026-08-09 11:15:39,208 - openflight.rolling_buffer.processor - INFO - [PROCESSOR] Ungated multitaper spin: 3516 RPM, evidence=12.33, fade=47.86 Hz, window=70.8ms
2026-08-09 11:15:39,208 - openflight.rolling_buffer.processor - INFO - [PROCESSOR] Spin result: 3516 RPM, SNR=12.33, quality=experimental
2026-08-09 11:15:39,208 - openflight.rolling_buffer.monitor - INFO - [MONITOR] process_capture: 133.6ms
2026-08-09 11:15:39,208 - openflight.rolling_buffer.monitor - INFO - [MONITOR] Shot detected: ball=101.3 mph, club=79.8, spin=3516
2026-08-09 11:15:39,210 - openflight.server - INFO - [SERVER] Shot callback: 101.3 mph
2026-08-09 11:15:39,210 - openflight.server - INFO - [SERVER] Inclinometer pitch: raw +0.32deg, calibrated +0.06deg, IWR tilt 12.06deg (age 89ms)
2026-08-09 11:15:39,255 - openflight.iwr6843.monitor - INFO - [IWR6843] Capture #8 complete: 332036 bytes in 3.25s
2026-08-09 11:15:39,923 - openflight.iwr6843.club - INFO - [CLUB] track=ops_speed_prior OPS=79.8 mph radial=30.5 m/s ratio=0.86 impact_error=0.058 m inliers=65 rms=0.25 bins
2026-08-09 11:15:40,007 - openflight.server - INFO - [SERVER] IWR6843 TX2 horizontal proxy: -2.05° (coherence 91%, status=hlcmf_v0_accepted)
2026-08-09 11:15:40,008 - openflight.server - INFO - [SERVER] IWR6843 LCMF-v1 launch: 19.33° (35 snapshots/10 frames, component std 1.97°)
2026-08-09 11:15:40,008 - openflight.server - INFO - [SERVER] Camera capture #8 matched -> /home/pacinoj/openflight_sessions/trackman/camera/camera_20260809_111536_008_008
2026-08-09 11:15:40,266 - openflight.server - INFO - [SERVER] Camera-assisted horizontal: selected=-2.045492740625913 camera=None IWR=-2.045492740625913 delta=None status=camera_withheld_fallback_iwr support=0/27
2026-08-09 11:15:40,572 - openflight.server - INFO - [SERVER] Camera/IWR chained club delivery: AoA None path None (status=rejected_no_ball, features=0, speed_ratio=None, velocity_mad=None mph, impact_frame=None)
2026-08-09 11:15:40,572 - openflight.server - INFO - [SERVER] Ball speed cosine correction: 101.3 -> 104.1 mph (LA 19.3)
2026-08-09 11:15:40,572 - openflight.server - INFO - [SERVER] Calculated spin: 4697 rpm (v=104.1 mph, LA=19.3 deg, measured was 3516 rpm)
2026-08-09 11:15:40,597 - openflight.server - INFO - [SERVER] Ballistic carry: 151 yds (spin: 4697 rpm, source: measured)
2026-08-09 11:15:40,598 - openflight.server - INFO - [SERVER] Shot: ball=104.1 mph, carry=136 yds, Launch: 19.3°
2026-08-09 11:15:40,599 - openflight.rolling_buffer.monitor - INFO - [SHOT] #8: ball=104.1 mph, club=79.8, carry=136 yds | trigger=14119ms, process=134ms, callback=1388ms, total=15643ms
2026-08-09 11:15:40,599 - openflight.rolling_buffer.trigger - INFO - [TRIGGER] Waiting for sound trigger (timeout=30s)...
2026-08-09 11:15:47,222 - ops243 - DEBUG - [OPS] Hardware trigger: first byte after 6.6s
2026-08-09 11:15:51,296 - openflight.iwr6843.monitor - INFO - [IWR6843] Trigger #9: dumping firmware-frozen L3 ring
2026-08-09 11:15:52,276 - openflight.camera.capture_runtime - INFO - [CAMERA] Capture #9 saved: 60 frames, 287.9fps, gaps=0 -> /home/pacinoj/openflight_sessions/trackman/camera/camera_20260809_111551_296_009
2026-08-09 11:15:53,148 - ops243 - INFO - [OPS] Hardware trigger: 41037 bytes in 12.5s
2026-08-09 11:15:53,148 - openflight.rolling_buffer.trigger - INFO - [TRIGGER] Sound trigger fired, 41037 bytes received
2026-08-09 11:15:53,539 - ops243 - INFO - [OPS] Clock sync: method=integer_rollover offset=1786284952.512s best_read_latency=0.2ms spread=989.3ms rollover_uncertainty=10.7ms (36/36 valid)
2026-08-09 11:15:53,539 - openflight.rolling_buffer.trigger - INFO - [TRIGGER] OPS clock sync selected: fresh offset=1786284952.512002s age=0.0ms (fresh=valid_integer_rollover, previous=valid_integer_rollover, delta=-5.8ms)
2026-08-09 11:15:53,740 - ops243 - INFO - [OPS] Re-arm drain: 0 bytes in 0.2s
2026-08-09 11:15:54,091 - ops243 - INFO - [OPS] Rolling buffer re-armed (S#16)
2026-08-09 11:15:54,091 - openflight.rolling_buffer.trigger - INFO - [TRIGGER] Sound trigger wall time 1786288551.292 (source=ops_clock_sync, first byte 1786288547.223, post-trigger 68.5ms)
2026-08-09 11:15:54,091 - openflight.rolling_buffer.trigger - INFO - [TRIGGER] Sound trigger accepted — peak 106.8 mph, 50 outbound readings
2026-08-09 11:15:54,103 - openflight.rolling_buffer.processor - INFO - [PROCESSOR] Ball speed: 106.8 mph (mode-based, 50 outbound readings)
2026-08-09 11:15:54,139 - openflight.rolling_buffer.processor - INFO - [PROCESSOR] Club speed: 83.7 mph at 20.3ms before ball
2026-08-09 11:15:54,139 - openflight.rolling_buffer.processor - INFO - [PROCESSOR] Impact estimate: OPS transition 68.3ms (club 83.5 mph @ 62.9ms -> ball 104.1 mph @ 73.6ms, delta=20.6 mph)
2026-08-09 11:15:54,206 - openflight.rolling_buffer.processor - INFO - [PROCESSOR] Ungated multitaper spin: 8240 RPM, evidence=3.73, fade=26.25 Hz, window=58.0ms
2026-08-09 11:15:54,206 - openflight.rolling_buffer.processor - INFO - [PROCESSOR] Spin result: 8240 RPM, SNR=3.73, quality=experimental
2026-08-09 11:15:54,207 - openflight.rolling_buffer.monitor - INFO - [MONITOR] process_capture: 116.1ms
2026-08-09 11:15:54,209 - openflight.rolling_buffer.monitor - INFO - [MONITOR] Shot detected: ball=106.8 mph, club=83.7, spin=8240
2026-08-09 11:15:54,212 - openflight.server - INFO - [SERVER] Shot callback: 106.8 mph
2026-08-09 11:15:54,212 - openflight.server - INFO - [SERVER] Inclinometer pitch: raw +0.35deg, calibrated +0.08deg, IWR tilt 12.08deg (age 36ms)
2026-08-09 11:15:54,545 - openflight.iwr6843.monitor - INFO - [IWR6843] Capture #9 complete: 332036 bytes in 3.25s
2026-08-09 11:15:55,236 - openflight.iwr6843.club - INFO - [CLUB] track=ops_speed_prior OPS=83.7 mph radial=37.1 m/s ratio=0.99 impact_error=0.020 m inliers=64 rms=0.38 bins
[6980:7017:0809/111555.244777:ERROR:google_apis/gcm/engine/registration_request.cc:291] Registration response error message: DEPRECATED_ENDPOINT
2026-08-09 11:15:55,323 - openflight.server - INFO - [SERVER] IWR6843 TX2 horizontal proxy: -2.47° (coherence 88%, status=hlcmf_v0_accepted)
2026-08-09 11:15:55,323 - openflight.server - INFO - [SERVER] IWR6843 LCMF-v1 launch: 17.09° (33 snapshots/10 frames, component std 1.52°)
2026-08-09 11:15:55,323 - openflight.server - INFO - [SERVER] Camera capture #9 matched -> /home/pacinoj/openflight_sessions/trackman/camera/camera_20260809_111551_296_009
2026-08-09 11:15:55,594 - openflight.server - INFO - [SERVER] Camera-assisted horizontal: selected=-2.4667333591433365 camera=None IWR=-2.4667333591433365 delta=None status=camera_withheld_fallback_iwr support=0/27
2026-08-09 11:15:55,905 - openflight.server - INFO - [SERVER] Camera/IWR chained club delivery: AoA None path None (status=rejected_no_ball, features=0, speed_ratio=None, velocity_mad=None mph, impact_frame=None)
2026-08-09 11:15:55,905 - openflight.server - INFO - [SERVER] Ball speed cosine correction: 106.8 -> 109.4 mph (LA 17.1)
2026-08-09 11:15:55,905 - openflight.server - INFO - [SERVER] Calculated spin: 4276 rpm (v=109.4 mph, LA=17.1 deg, measured was 8240 rpm)
2026-08-09 11:15:55,930 - openflight.server - INFO - [SERVER] Ballistic carry: 159 yds (spin: 4276 rpm, source: measured)
2026-08-09 11:15:55,931 - openflight.server - INFO - [SERVER] Shot: ball=109.4 mph, carry=146 yds, Launch: 17.1°
2026-08-09 11:15:55,931 - openflight.rolling_buffer.monitor - INFO - [SHOT] #9: ball=109.4 mph, club=83.7, carry=146 yds | trigger=13492ms, process=116ms, callback=1719ms, total=15332ms
2026-08-09 11:15:55,931 - openflight.rolling_buffer.trigger - INFO - [TRIGGER] Waiting for sound trigger (timeout=30s)...
2026-08-09 11:16:02,213 - ops243 - DEBUG - [OPS] Hardware trigger: first byte after 6.3s
2026-08-09 11:16:10,198 - openflight.iwr6843.monitor - INFO - [IWR6843] Trigger #10: dumping firmware-frozen L3 ring
2026-08-09 11:16:11,164 - openflight.camera.capture_runtime - INFO - [CAMERA] Capture #10 saved: 60 frames, 287.9fps, gaps=0 -> /home/pacinoj/openflight_sessions/trackman/camera/camera_20260809_111610_198_010
2026-08-09 11:16:12,050 - ops243 - INFO - [OPS] Hardware trigger: 41037 bytes in 16.1s
2026-08-09 11:16:12,050 - openflight.rolling_buffer.trigger - INFO - [TRIGGER] Sound trigger fired, 41037 bytes received
2026-08-09 11:16:12,515 - ops243 - INFO - [OPS] Clock sync: method=integer_rollover offset=1786284952.509s best_read_latency=0.2ms spread=989.3ms rollover_uncertainty=10.7ms (43/43 valid)
2026-08-09 11:16:12,515 - openflight.rolling_buffer.trigger - INFO - [TRIGGER] OPS clock sync selected: fresh offset=1786284952.509428s age=0.0ms (fresh=valid_integer_rollover, previous=valid_integer_rollover, delta=-2.6ms)
2026-08-09 11:16:12,715 - ops243 - INFO - [OPS] Re-arm drain: 0 bytes in 0.2s
2026-08-09 11:16:13,067 - ops243 - INFO - [OPS] Rolling buffer re-armed (S#16)
2026-08-09 11:16:13,067 - openflight.rolling_buffer.trigger - INFO - [TRIGGER] Sound trigger wall time 1786288570.191 (source=ops_clock_sync, first byte 1786288562.213, post-trigger 68.5ms)
2026-08-09 11:16:13,067 - openflight.rolling_buffer.trigger - INFO - [TRIGGER] Sound trigger accepted — peak 101.5 mph, 48 outbound readings
2026-08-09 11:16:13,078 - openflight.rolling_buffer.processor - INFO - [PROCESSOR] Ball speed: 101.5 mph (mode-based, 48 outbound readings)
2026-08-09 11:16:13,118 - openflight.rolling_buffer.processor - INFO - [PROCESSOR] Club speed: 82.3 mph at 10.7ms before ball
2026-08-09 11:16:13,118 - openflight.rolling_buffer.processor - INFO - [PROCESSOR] Impact estimate: OPS transition 62.9ms (club 78.6 mph @ 61.9ms -> ball 98.6 mph @ 64.0ms, delta=20.0 mph)
2026-08-09 11:16:13,198 - openflight.rolling_buffer.processor - INFO - [PROCESSOR] Ungated multitaper spin: 2911 RPM, evidence=5.38, fade=36.36 Hz, window=70.8ms
2026-08-09 11:16:13,199 - openflight.rolling_buffer.processor - INFO - [PROCESSOR] Spin result: 2911 RPM, SNR=5.38, quality=experimental
2026-08-09 11:16:13,199 - openflight.rolling_buffer.monitor - INFO - [MONITOR] process_capture: 131.2ms
2026-08-09 11:16:13,199 - openflight.rolling_buffer.monitor - INFO - [MONITOR] Shot detected: ball=101.5 mph, club=82.3, spin=2911
2026-08-09 11:16:13,202 - openflight.server - INFO - [SERVER] Shot callback: 101.5 mph
2026-08-09 11:16:13,203 - openflight.server - INFO - [SERVER] Inclinometer pitch: raw +0.26deg, calibrated -0.00deg, IWR tilt 12.00deg (age 34ms)
2026-08-09 11:16:13,445 - openflight.iwr6843.monitor - INFO - [IWR6843] Capture #10 complete: 332036 bytes in 3.25s
2026-08-09 11:16:14,126 - openflight.iwr6843.club - INFO - [CLUB] track=ops_speed_prior OPS=82.3 mph radial=35.4 m/s ratio=0.96 impact_error=0.036 m inliers=67 rms=0.36 bins
2026-08-09 11:16:14,208 - openflight.server - INFO - [SERVER] IWR6843 TX2 horizontal proxy: -6.72° (coherence 85%, status=hlcmf_v0_accepted)
2026-08-09 11:16:14,208 - openflight.server - INFO - [SERVER] IWR6843 LCMF-v1 launch: 15.11° (41 snapshots/11 frames, component std 0.87°)
2026-08-09 11:16:14,208 - openflight.server - INFO - [SERVER] Camera capture #10 matched -> /home/pacinoj/openflight_sessions/trackman/camera/camera_20260809_111610_198_010
2026-08-09 11:16:14,466 - openflight.server - INFO - [SERVER] Camera-assisted horizontal: selected=-6.718139044528195 camera=None IWR=-6.718139044528195 delta=None status=camera_withheld_fallback_iwr support=0/27
2026-08-09 11:16:14,778 - openflight.server - INFO - [SERVER] Camera/IWR chained club delivery: AoA None path None (status=rejected_no_ball, features=0, speed_ratio=None, velocity_mad=None mph, impact_frame=None)
2026-08-09 11:16:14,779 - openflight.server - INFO - [SERVER] Ball speed cosine correction: 101.5 -> 103.9 mph (LA 15.1)
2026-08-09 11:16:14,779 - openflight.server - INFO - [SERVER] Calculated spin: 3517 rpm (v=103.9 mph, LA=15.1 deg, measured was 2911 rpm)
2026-08-09 11:16:14,799 - openflight.server - INFO - [SERVER] Ballistic carry: 137 yds (spin: 3517 rpm, source: measured)
2026-08-09 11:16:14,800 - openflight.server - INFO - [SERVER] Shot: ball=103.9 mph, carry=132 yds, Launch: 15.1°
2026-08-09 11:16:14,801 - openflight.rolling_buffer.monitor - INFO - [SHOT] #10: ball=103.9 mph, club=82.3, carry=132 yds | trigger=17136ms, process=131ms, callback=1598ms, total=18870ms
2026-08-09 11:16:14,801 - openflight.rolling_buffer.trigger - INFO - [TRIGGER] Waiting for sound trigger (timeout=30s)...
2026-08-09 11:16:17,222 - ops243 - DEBUG - [OPS] Hardware trigger: first byte after 2.4s
2026-08-09 11:16:23,837 - openflight.iwr6843.monitor - INFO - [IWR6843] Trigger #11: dumping firmware-frozen L3 ring
2026-08-09 11:16:24,799 - openflight.camera.capture_runtime - INFO - [CAMERA] Capture #11 saved: 60 frames, 287.9fps, gaps=0 -> /home/pacinoj/openflight_sessions/trackman/camera/camera_20260809_111623_837_011
2026-08-09 11:16:25,689 - ops243 - INFO - [OPS] Hardware trigger: 41037 bytes in 10.9s
2026-08-09 11:16:25,689 - openflight.rolling_buffer.trigger - INFO - [TRIGGER] Sound trigger fired, 41037 bytes received
2026-08-09 11:16:26,515 - ops243 - INFO - [OPS] Clock sync: method=integer_rollover offset=1786284952.510s best_read_latency=0.2ms spread=989.2ms rollover_uncertainty=10.8ms (76/76 valid)
2026-08-09 11:16:26,515 - openflight.rolling_buffer.trigger - INFO - [TRIGGER] OPS clock sync selected: fresh offset=1786284952.509792s age=0.0ms (fresh=valid_integer_rollover, previous=valid_integer_rollover, delta=0.4ms)
2026-08-09 11:16:26,715 - ops243 - INFO - [OPS] Re-arm drain: 0 bytes in 0.2s
2026-08-09 11:16:27,066 - ops243 - INFO - [OPS] Rolling buffer re-armed (S#16)
2026-08-09 11:16:27,067 - openflight.rolling_buffer.trigger - INFO - [TRIGGER] Sound trigger wall time 1786288583.833 (source=ops_clock_sync, first byte 1786288577.222, post-trigger 68.5ms)
2026-08-09 11:16:27,067 - openflight.rolling_buffer.trigger - INFO - [TRIGGER] Sound trigger accepted — peak 100.1 mph, 44 outbound readings
2026-08-09 11:16:27,082 - openflight.rolling_buffer.processor - INFO - [PROCESSOR] Ball speed: 100.1 mph (mode-based, 44 outbound readings)
2026-08-09 11:16:27,084 - openflight.iwr6843.monitor - INFO - [IWR6843] Capture #11 complete: 332036 bytes in 3.25s
2026-08-09 11:16:27,112 - openflight.rolling_buffer.processor - INFO - [PROCESSOR] Club speed: 79.3 mph at 11.7ms before ball
2026-08-09 11:16:27,113 - openflight.rolling_buffer.processor - INFO - [PROCESSOR] Impact estimate: sound_trigger 68.0ms (speed_delta_below_threshold)
2026-08-09 11:16:27,114 - openflight.rolling_buffer.processor - INFO - [PROCESSOR] Multitaper repaired 0.02% clipped I/Q samples
2026-08-09 11:16:27,183 - openflight.rolling_buffer.processor - INFO - [PROCESSOR] Ungated multitaper spin: 3296 RPM, evidence=36.66, fade=34.71 Hz, window=68.7ms
2026-08-09 11:16:27,184 - openflight.rolling_buffer.processor - INFO - [PROCESSOR] Spin result: 3296 RPM, SNR=36.66, quality=experimental
2026-08-09 11:16:27,184 - openflight.rolling_buffer.monitor - INFO - [MONITOR] process_capture: 117.2ms
2026-08-09 11:16:27,184 - openflight.rolling_buffer.monitor - INFO - [MONITOR] Shot detected: ball=100.1 mph, club=79.3, spin=3296
2026-08-09 11:16:27,186 - openflight.server - INFO - [SERVER] Shot callback: 100.1 mph
2026-08-09 11:16:27,186 - openflight.server - INFO - [SERVER] Inclinometer pitch: raw +0.32deg, calibrated +0.06deg, IWR tilt 12.06deg (age 6ms)
2026-08-09 11:16:27,835 - openflight.iwr6843.club - INFO - [CLUB] track=ops_speed_prior OPS=79.3 mph radial=35.6 m/s ratio=1.00 impact_error=0.041 m inliers=66 rms=0.34 bins
2026-08-09 11:16:27,919 - openflight.server - INFO - [SERVER] IWR6843 TX2 horizontal proxy: -0.48° (coherence 93%, status=hlcmf_v0_accepted)
2026-08-09 11:16:27,920 - openflight.server - INFO - [SERVER] IWR6843 LCMF-v1 launch: 17.14° (34 snapshots/10 frames, component std 0.98°)
2026-08-09 11:16:27,920 - openflight.server - INFO - [SERVER] Camera capture #11 matched -> /home/pacinoj/openflight_sessions/trackman/camera/camera_20260809_111623_837_011
2026-08-09 11:16:28,175 - openflight.server - INFO - [SERVER] Camera-assisted horizontal: selected=-0.4790701011481054 camera=None IWR=-0.4790701011481054 delta=None status=camera_withheld_fallback_iwr support=0/27
2026-08-09 11:16:28,479 - openflight.server - INFO - [SERVER] Camera/IWR chained club delivery: AoA None path None (status=rejected_no_ball, features=0, speed_ratio=None, velocity_mad=None mph, impact_frame=None)
2026-08-09 11:16:28,479 - openflight.server - INFO - [SERVER] Ball speed cosine correction: 100.1 -> 102.7 mph (LA 17.1)
2026-08-09 11:16:28,479 - openflight.server - INFO - [SERVER] Calculated spin: 4028 rpm (v=102.7 mph, LA=17.1 deg, measured was 3296 rpm)
2026-08-09 11:16:28,502 - openflight.server - INFO - [SERVER] Ballistic carry: 143 yds (spin: 4028 rpm, source: measured)
2026-08-09 11:16:28,503 - openflight.server - INFO - [SERVER] Shot: ball=102.7 mph, carry=129 yds, Launch: 17.1°
2026-08-09 11:16:28,503 - openflight.rolling_buffer.monitor - INFO - [SHOT] #11: ball=102.7 mph, club=79.3, carry=129 yds | trigger=12266ms, process=117ms, callback=1317ms, total=13702ms
2026-08-09 11:16:28,503 - openflight.rolling_buffer.trigger - INFO - [TRIGGER] Waiting for sound trigger (timeout=30s)...
2026-08-09 11:16:32,209 - ops243 - DEBUG - [OPS] Hardware trigger: first byte after 3.7s
2026-08-09 11:16:44,633 - openflight.iwr6843.monitor - INFO - [IWR6843] Trigger #12: dumping firmware-frozen L3 ring
2026-08-09 11:16:45,613 - openflight.camera.capture_runtime - INFO - [CAMERA] Capture #12 saved: 60 frames, 287.9fps, gaps=0 -> /home/pacinoj/openflight_sessions/trackman/camera/camera_20260809_111644_633_012
2026-08-09 11:16:46,485 - ops243 - INFO - [OPS] Hardware trigger: 41037 bytes in 18.0s
2026-08-09 11:16:46,486 - openflight.rolling_buffer.trigger - INFO - [TRIGGER] Sound trigger fired, 41037 bytes received
2026-08-09 11:16:46,877 - ops243 - INFO - [OPS] Clock sync: method=integer_rollover offset=1786284952.513s best_read_latency=0.2ms spread=989.3ms rollover_uncertainty=10.7ms (36/36 valid)
2026-08-09 11:16:46,877 - openflight.rolling_buffer.trigger - INFO - [TRIGGER] OPS clock sync selected: fresh offset=1786284952.513055s age=0.0ms (fresh=valid_integer_rollover, previous=valid_integer_rollover, delta=3.3ms)
2026-08-09 11:16:47,078 - ops243 - INFO - [OPS] Re-arm drain: 0 bytes in 0.2s
2026-08-09 11:16:47,428 - ops243 - INFO - [OPS] Rolling buffer re-armed (S#16)
2026-08-09 11:16:47,429 - openflight.rolling_buffer.trigger - INFO - [TRIGGER] Sound trigger wall time 1786288604.633 (source=ops_clock_sync, first byte 1786288592.209, post-trigger 68.5ms)
2026-08-09 11:16:47,429 - openflight.rolling_buffer.trigger - INFO - [TRIGGER] Sound trigger accepted — peak 93.3 mph, 52 outbound readings
2026-08-09 11:16:47,445 - openflight.rolling_buffer.processor - INFO - [PROCESSOR] Ball speed: 93.3 mph (mode-based, 52 outbound readings)
2026-08-09 11:16:47,482 - openflight.rolling_buffer.processor - INFO - [PROCESSOR] Club speed: 80.7 mph at 7.5ms before ball
2026-08-09 11:16:47,483 - openflight.rolling_buffer.processor - INFO - [PROCESSOR] Impact estimate: sound_trigger 68.0ms (speed_delta_below_threshold)
2026-08-09 11:16:47,565 - openflight.rolling_buffer.processor - INFO - [PROCESSOR] Ungated multitaper spin: 1978 RPM, evidence=7.86, fade=54.09 Hz, window=65.5ms
2026-08-09 11:16:47,565 - openflight.rolling_buffer.processor - INFO - [PROCESSOR] Spin result: 1978 RPM, SNR=7.86, quality=experimental
2026-08-09 11:16:47,566 - openflight.rolling_buffer.monitor - INFO - [MONITOR] process_capture: 136.5ms
2026-08-09 11:16:47,566 - openflight.rolling_buffer.monitor - INFO - [MONITOR] Shot detected: ball=93.3 mph, club=80.7, spin=1978
2026-08-09 11:16:47,569 - openflight.server - INFO - [SERVER] Shot callback: 93.3 mph
2026-08-09 11:16:47,571 - openflight.server - INFO - [SERVER] Inclinometer pitch: raw +0.29deg, calibrated +0.03deg, IWR tilt 12.03deg (age 59ms)
2026-08-09 11:16:47,882 - openflight.iwr6843.monitor - INFO - [IWR6843] Capture #12 complete: 332036 bytes in 3.25s
2026-08-09 11:16:48,526 - openflight.iwr6843.club - INFO - [CLUB] track=ops_speed_prior OPS=80.7 mph radial=35.5 m/s ratio=0.98 impact_error=0.042 m inliers=68 rms=0.38 bins
2026-08-09 11:16:48,609 - openflight.server - INFO - [SERVER] IWR6843 TX2 horizontal proxy: -7.00° (coherence 95%, status=hlcmf_v0_accepted)
2026-08-09 11:16:48,610 - openflight.server - INFO - [SERVER] IWR6843 LCMF-v1 launch: 16.87° (32 snapshots/9 frames, component std 0.48°)
2026-08-09 11:16:48,610 - openflight.server - INFO - [SERVER] Camera capture #12 matched -> /home/pacinoj/openflight_sessions/trackman/camera/camera_20260809_111644_633_012
2026-08-09 11:16:48,863 - openflight.server - INFO - [SERVER] Camera-assisted horizontal: selected=-6.995352575183518 camera=None IWR=-6.995352575183518 delta=None status=camera_withheld_fallback_iwr support=0/27
2026-08-09 11:16:49,167 - openflight.server - INFO - [SERVER] Camera/IWR chained club delivery: AoA None path None (status=rejected_no_ball, features=0, speed_ratio=None, velocity_mad=None mph, impact_frame=None)
2026-08-09 11:16:49,168 - openflight.server - INFO - [SERVER] Ball speed cosine correction: 93.3 -> 95.8 mph (LA 16.9)
2026-08-09 11:16:49,168 - openflight.server - INFO - [SERVER] Calculated spin: 3692 rpm (v=95.8 mph, LA=16.9 deg, measured was 1978 rpm)
2026-08-09 11:16:49,188 - openflight.server - INFO - [SERVER] Ballistic carry: 124 yds (spin: 3692 rpm, source: measured)
2026-08-09 11:16:49,189 - openflight.server - INFO - [SERVER] Shot: ball=95.8 mph, carry=117 yds, Launch: 16.9°
2026-08-09 11:16:49,189 - openflight.rolling_buffer.monitor - INFO - [SHOT] #12: ball=95.8 mph, club=80.7, carry=117 yds | trigger=18925ms, process=136ms, callback=1620ms, total=20686ms
2026-08-09 11:16:49,189 - openflight.rolling_buffer.trigger - INFO - [TRIGGER] Waiting for sound trigger (timeout=30s)...
2026-08-09 11:16:59,763 - openflight.iwr6843.monitor - INFO - [IWR6843] Trigger #13: dumping firmware-frozen L3 ring
2026-08-09 11:16:59,844 - ops243 - DEBUG - [OPS] Hardware trigger: first byte after 10.7s
2026-08-09 11:17:00,687 - openflight.camera.capture_runtime - INFO - [CAMERA] Capture #13 saved: 60 frames, 287.9fps, gaps=0 -> /home/pacinoj/openflight_sessions/trackman/camera/camera_20260809_111659_763_013
2026-08-09 11:17:01,613 - ops243 - INFO - [OPS] Hardware trigger: 41035 bytes in 12.4s
2026-08-09 11:17:01,614 - openflight.rolling_buffer.trigger - INFO - [TRIGGER] Sound trigger fired, 41035 bytes received
2026-08-09 11:17:02,512 - ops243 - INFO - [OPS] Clock sync: method=integer_rollover offset=1786284952.506s best_read_latency=0.2ms spread=989.1ms rollover_uncertainty=10.9ms (83/83 valid)
2026-08-09 11:17:02,512 - openflight.rolling_buffer.trigger - INFO - [TRIGGER] OPS clock sync selected: fresh offset=1786284952.506217s age=0.0ms (fresh=valid_integer_rollover, previous=valid_integer_rollover, delta=-6.8ms)
2026-08-09 11:17:02,712 - ops243 - INFO - [OPS] Re-arm drain: 0 bytes in 0.2s
2026-08-09 11:17:03,011 - openflight.iwr6843.monitor - INFO - [IWR6843] Capture #13 complete: 332036 bytes in 3.25s
2026-08-09 11:17:03,063 - ops243 - INFO - [OPS] Rolling buffer re-armed (S#16)
2026-08-09 11:17:03,063 - openflight.rolling_buffer.trigger - INFO - [TRIGGER] Sound trigger wall time 1786288619.758 (source=ops_clock_sync, first byte 1786288619.844, post-trigger 68.5ms)
2026-08-09 11:17:03,063 - openflight.rolling_buffer.trigger - INFO - [TRIGGER] Sound trigger accepted — peak 105.2 mph, 44 outbound readings
2026-08-09 11:17:03,072 - openflight.rolling_buffer.processor - INFO - [PROCESSOR] Ball speed: 105.2 mph (mode-based, 44 outbound readings)
2026-08-09 11:17:03,105 - openflight.rolling_buffer.processor - INFO - [PROCESSOR] Club speed: 82.3 mph at 10.7ms before ball
2026-08-09 11:17:03,105 - openflight.rolling_buffer.processor - INFO - [PROCESSOR] Impact estimate: OPS transition 62.4ms (club 85.4 mph @ 60.8ms -> ball 102.3 mph @ 64.0ms, delta=16.9 mph)
2026-08-09 11:17:03,179 - openflight.rolling_buffer.processor - INFO - [PROCESSOR] Ungated multitaper spin: 3625 RPM, evidence=17.62, fade=48.78 Hz, window=70.8ms
2026-08-09 11:17:03,179 - openflight.rolling_buffer.processor - INFO - [PROCESSOR] Spin result: 3625 RPM, SNR=17.62, quality=experimental
2026-08-09 11:17:03,180 - openflight.rolling_buffer.monitor - INFO - [MONITOR] process_capture: 116.3ms
2026-08-09 11:17:03,180 - openflight.rolling_buffer.monitor - INFO - [MONITOR] Shot detected: ball=105.2 mph, club=82.3, spin=3625
2026-08-09 11:17:03,182 - openflight.server - INFO - [SERVER] Shot callback: 105.2 mph
2026-08-09 11:17:03,182 - openflight.server - INFO - [SERVER] Inclinometer pitch: raw +0.32deg, calibrated +0.06deg, IWR tilt 12.06deg (age 41ms)
2026-08-09 11:17:03,800 - openflight.iwr6843.club - INFO - [CLUB] track=ops_speed_prior OPS=82.3 mph radial=33.7 m/s ratio=0.92 impact_error=0.040 m inliers=68 rms=0.30 bins
2026-08-09 11:17:03,881 - openflight.server - INFO - [SERVER] IWR6843 TX2 horizontal proxy: -2.00° (coherence 76%, status=hlcmf_v0_accepted)
2026-08-09 11:17:03,881 - openflight.server - INFO - [SERVER] IWR6843 LCMF-v1 launch: 16.37° (35 snapshots/10 frames, component std 0.14°)
2026-08-09 11:17:03,881 - openflight.server - INFO - [SERVER] Camera capture #13 matched -> /home/pacinoj/openflight_sessions/trackman/camera/camera_20260809_111659_763_013
2026-08-09 11:17:04,132 - openflight.server - INFO - [SERVER] Camera-assisted horizontal: selected=-1.9962937405816346 camera=None IWR=-1.9962937405816346 delta=None status=camera_withheld_fallback_iwr support=0/27
2026-08-09 11:17:04,427 - openflight.server - INFO - [SERVER] Camera/IWR chained club delivery: AoA None path None (status=rejected_no_ball, features=0, speed_ratio=None, velocity_mad=None mph, impact_frame=None)
2026-08-09 11:17:04,427 - openflight.server - INFO - [SERVER] Ball speed cosine correction: 105.2 -> 107.6 mph (LA 16.4)
2026-08-09 11:17:04,427 - openflight.server - INFO - [SERVER] Calculated spin: 4004 rpm (v=107.6 mph, LA=16.4 deg, measured was 3625 rpm)
2026-08-09 11:17:04,451 - openflight.server - INFO - [SERVER] Ballistic carry: 152 yds (spin: 4004 rpm, source: measured)
2026-08-09 11:17:04,451 - openflight.server - INFO - [SERVER] Shot: ball=107.6 mph, carry=141 yds, Launch: 16.4°
2026-08-09 11:17:04,452 - openflight.rolling_buffer.monitor - INFO - [SHOT] #13: ball=107.6 mph, club=82.3, carry=141 yds | trigger=13874ms, process=116ms, callback=1270ms, total=15263ms
2026-08-09 11:17:04,452 - openflight.rolling_buffer.trigger - INFO - [TRIGGER] Waiting for sound trigger (timeout=30s)...
2026-08-09 11:17:17,224 - ops243 - DEBUG - [OPS] Hardware trigger: first byte after 12.8s
2026-08-09 11:17:34,453 - ops243 - INFO - [OPS] Hardware trigger: 4 bytes in 30.0s
2026-08-09 11:17:34,453 - openflight.rolling_buffer.trigger - INFO - [TRIGGER] Sound trigger fired, 4 bytes received
2026-08-09 11:17:34,453 - openflight.rolling_buffer.processor - WARNING - [PROCESSOR] Incomplete capture (missing: sample_time, trigger_time, I, Q). Response (4 bytes): '\n\n\n\n'
2026-08-09 11:17:34,653 - ops243 - INFO - [OPS] Re-arm drain: 0 bytes in 0.2s
2026-08-09 11:17:35,004 - ops243 - INFO - [OPS] Rolling buffer re-armed (S#16)
2026-08-09 11:17:35,004 - openflight.rolling_buffer.trigger - WARNING - [TRIGGER] Sound trigger parse failed (4 bytes received)
2026-08-09 11:17:35,004 - openflight.rolling_buffer.trigger - INFO - [TRIGGER] Waiting for sound trigger (timeout=30s)...
2026-08-09 11:17:47,207 - ops243 - DEBUG - [OPS] Hardware trigger: first byte after 12.2s
2026-08-09 11:17:54,614 - openflight.server - INFO - [SERVER] Shutdown requested via REST API
2026-08-09 11:17:54,615 - werkzeug - INFO - 127.0.0.1 - - [09/Aug/2026 11:17:54] "POST /api/shutdown HTTP/1.1" 200 -
2026-08-09 11:18:00,341 - openflight.iwr6843.monitor - INFO - [IWR6843] Capture monitor stopped
2026-08-09 11:18:00,345 - picamera2.picamera2 - INFO - Camera stopped
2026-08-09 11:18:00,548 - picamera2.picamera2 - INFO - Camera closed successfully.
2026-08-09 11:18:05,005 - ops243 - INFO - [OPS] Hardware trigger: 4 bytes in 30.0s
2026-08-09 11:18:05,005 - openflight.rolling_buffer.trigger - INFO - [TRIGGER] Sound trigger fired, 4 bytes received
2026-08-09 11:18:05,005 - openflight.rolling_buffer.processor - WARNING - [PROCESSOR] Incomplete capture (missing: sample_time, trigger_time, I, Q). Response (4 bytes): '\n\n\n\n'
2026-08-09 11:18:05,205 - ops243 - INFO - [OPS] Re-arm drain: 0 bytes in 0.2s
2026-08-09 11:18:05,553 - openflight.rolling_buffer.monitor - INFO - [MONITOR] Rolling buffer monitor stopped
2026-08-09 11:18:05,553 - openflight.rolling_buffer.monitor - INFO - [MONITOR] Rolling buffer monitor stopped
2026-08-09 11:18:05,555 - openflight.server - INFO - [SERVER] Goodbye
[0;32m[OpenFlight][0m Shutting down...
