17:51:12.285 - [OPS] Clock sync: method=integer_rollover offset=1790523839.279s best_read_latency=1.1ms spread=988.7ms rollover_uncertainty=11.3ms (80/80 valid)
17:51:42.305 - [OPS] Hardware trigger: no data received within 30s
17:52:11.185 - [OPS] Hardware trigger: first byte after 28.9s
17:52:12.963 - [OPS] Hardware trigger: 41033 bytes in 30.7s
17:52:13.376 - [OPS] Clock sync: method=integer_rollover offset=1790523839.291s best_read_latency=1.2ms spread=988.7ms rollover_uncertainty=11.3ms (36/36 valid)
17:52:13.576 - [OPS] Re-arm drain: 0 bytes in 0.2s
17:52:13.948 - [OPS] Rolling buffer re-armed (S#24)
17:52:31.581 - [OPS] Hardware trigger: first byte after 17.5s
17:52:33.356 - [OPS] Hardware trigger: 41033 bytes in 19.3s
17:52:34.297 - [OPS] Clock sync: method=integer_rollover offset=1790523839.292s best_read_latency=1.2ms spread=988.7ms rollover_uncertainty=11.3ms (83/83 valid)
17:52:34.498 - [OPS] Re-arm drain: 0 bytes in 0.2s
17:52:34.872 - [OPS] Rolling buffer re-armed (S#24)
17:53:04.943 - [OPS] Hardware trigger: no data received within 30s
17:53:14.755 - [OPS] Hardware trigger: first byte after 9.8s
17:53:16.529 - [OPS] Hardware trigger: 41033 bytes in 11.6s
17:53:16.740 - [OPS] Re-arm drain: 0 bytes in 0.2s
17:53:17.116 - [OPS] Rolling buffer re-armed (S#24)
17:53:47.134 - [OPS] Hardware trigger: no data received within 30s
17:53:47.355 - [OPS] Hardware trigger: first byte after 0.2s
17:53:49.130 - [OPS] Hardware trigger: 41033 bytes in 2.0s
17:53:49.538 - [OPS] Clock sync: method=integer_rollover offset=1790523839.306s best_read_latency=1.2ms spread=988.7ms rollover_uncertainty=11.3ms (36/36 valid)
17:53:49.739 - [OPS] Re-arm drain: 0 bytes in 0.2s
17:53:50.124 - [OPS] Rolling buffer re-armed (S#24)
17:53:54.631 - [OPS] Hardware trigger: first byte after 4.5s
17:53:56.403 - [OPS] Hardware trigger: 41033 bytes in 6.2s
17:53:57.312 - [OPS] Clock sync: method=integer_rollover offset=1790523839.306s best_read_latency=1.1ms spread=988.6ms rollover_uncertainty=11.4ms (80/80 valid)
17:53:57.512 - [OPS] Re-arm drain: 0 bytes in 0.2s
17:53:57.892 - [OPS] Rolling buffer re-armed (S#24)
17:54:15.462 - [OPS] Hardware trigger: first byte after 17.5s
17:54:17.235 - [OPS] Hardware trigger: 41033 bytes in 19.3s
17:54:17.644 - [OPS] Clock sync: method=integer_rollover offset=1790523839.298s best_read_latency=1.2ms spread=988.7ms rollover_uncertainty=11.3ms (36/36 valid)
17:54:17.844 - [OPS] Re-arm drain: 0 bytes in 0.2s
17:54:18.220 - [OPS] Rolling buffer re-armed (S#24)
17:54:25.310 - [OPS] Hardware trigger: first byte after 7.0s
17:54:27.073 - [OPS] Hardware trigger: 41033 bytes in 8.8s
17:54:27.480 - [OPS] Clock sync: method=integer_rollover offset=1790523839.293s best_read_latency=1.2ms spread=988.7ms rollover_uncertainty=11.3ms (36/36 valid)
17:54:27.681 - [OPS] Re-arm drain: 0 bytes in 0.2s
17:54:28.053 - [OPS] Rolling buffer re-armed (S#24)
17:54:58.109 - [OPS] Hardware trigger: no data received within 30s
17:55:11.528 - [OPS] Hardware trigger: first byte after 13.4s
17:55:13.311 - [OPS] Hardware trigger: 41033 bytes in 15.2s
17:55:14.265 - [OPS] Clock sync: method=integer_rollover offset=1790523839.259s best_read_latency=1.2ms spread=988.7ms rollover_uncertainty=11.3ms (84/84 valid)
17:55:14.465 - [OPS] Re-arm drain: 0 bytes in 0.2s
17:55:14.836 - [OPS] Rolling buffer re-armed (S#24)
17:55:44.813 - [OPS] Hardware trigger: first byte after 29.9s
17:55:46.597 - [OPS] Hardware trigger: 41033 bytes in 31.7s
17:55:47.255 - [OPS] Clock sync: method=integer_rollover offset=1790523839.249s best_read_latency=1.2ms spread=988.6ms rollover_uncertainty=11.4ms (58/58 valid)
17:55:47.456 - [OPS] Re-arm drain: 0 bytes in 0.2s
17:55:47.836 - [OPS] Rolling buffer re-armed (S#24)
17:56:05.310 - [OPS] Hardware trigger: first byte after 17.4s
17:56:07.083 - [OPS] Hardware trigger: 41033 bytes in 19.2s
17:56:07.492 - [OPS] Clock sync: method=integer_rollover offset=1790523839.248s best_read_latency=1.2ms spread=988.7ms rollover_uncertainty=11.3ms (36/36 valid)
17:56:07.692 - [OPS] Re-arm drain: 0 bytes in 0.2s
17:56:08.064 - [OPS] Rolling buffer re-armed (S#24)
17:56:21.155 - [OPS] Hardware trigger: first byte after 13.0s
17:56:22.929 - [OPS] Hardware trigger: 41033 bytes in 14.8s
17:56:23.140 - [OPS] Re-arm drain: 0 bytes in 0.2s
17:56:23.516 - [OPS] Rolling buffer re-armed (S#24)
