18:34:27.124 - [OPS] Clock sync: method=integer_rollover offset=1790267490.117s best_read_latency=1.2ms spread=987.2ms rollover_uncertainty=12.8ms (73/73 valid)
18:34:57.128 - [OPS] Hardware trigger: no data received within 30s
18:35:27.139 - [OPS] Hardware trigger: no data received within 30s
18:35:46.862 - [OPS] Hardware trigger: first byte after 19.7s
18:35:48.637 - [OPS] Hardware trigger: 41033 bytes in 21.5s
18:35:50.485 - [OPS] Internal speed trigger re-armed (GC)
18:35:52.659 - [OPS] Hardware trigger: first byte after 2.2s
18:35:54.444 - [OPS] Hardware trigger: 41033 bytes in 3.9s
18:35:56.305 - [OPS] Internal speed trigger re-armed (GC)
18:35:57.432 - [OPS] Hardware trigger: first byte after 1.1s
18:35:59.206 - [OPS] Hardware trigger: 41033 bytes in 2.9s
18:36:01.057 - [OPS] Internal speed trigger re-armed (GC)
18:36:02.083 - [OPS] Hardware trigger: first byte after 1.0s
18:36:03.868 - [OPS] Hardware trigger: 41033 bytes in 2.8s
18:36:05.721 - [OPS] Internal speed trigger re-armed (GC)
18:36:17.954 - [OPS] Hardware trigger: first byte after 12.2s
18:36:19.728 - [OPS] Hardware trigger: 41033 bytes in 14.0s
18:36:21.581 - [OPS] Internal speed trigger re-armed (GC)
18:36:51.599 - [OPS] Hardware trigger: no data received within 30s
18:36:55.386 - [OPS] Hardware trigger: first byte after 3.8s
18:36:57.161 - [OPS] Hardware trigger: 41033 bytes in 5.6s
18:36:59.013 - [OPS] Internal speed trigger re-armed (GC)
18:37:01.797 - [OPS] Hardware trigger: first byte after 2.8s
18:37:03.571 - [OPS] Hardware trigger: 41033 bytes in 4.5s
18:37:05.409 - [OPS] Internal speed trigger re-armed (GC)
18:37:08.248 - [OPS] Hardware trigger: first byte after 2.8s
18:37:10.020 - [OPS] Hardware trigger: 41033 bytes in 4.5s
18:37:11.869 - [OPS] Internal speed trigger re-armed (GC)
18:37:27.301 - [OPS] Hardware trigger: first byte after 15.4s
18:37:29.068 - [OPS] Hardware trigger: 41033 bytes in 17.2s
18:37:30.921 - [OPS] Internal speed trigger re-armed (GC)
18:37:44.299 - [OPS] Hardware trigger: first byte after 13.4s
18:37:46.064 - [OPS] Hardware trigger: 41033 bytes in 15.1s
18:37:47.913 - [OPS] Internal speed trigger re-armed (GC)
18:38:12.699 - [OPS] Hardware trigger: first byte after 24.8s
18:38:14.484 - [OPS] Hardware trigger: 41033 bytes in 26.6s
18:38:16.337 - [OPS] Internal speed trigger re-armed (GC)
18:38:19.152 - [OPS] Hardware trigger: first byte after 2.8s
18:38:20.927 - [OPS] Hardware trigger: 41033 bytes in 4.6s
18:38:22.765 - [OPS] Internal speed trigger re-armed (GC)
18:38:28.433 - [OPS] Hardware trigger: first byte after 5.7s
18:38:30.218 - [OPS] Hardware trigger: 41033 bytes in 7.4s
18:38:32.069 - [OPS] Internal speed trigger re-armed (GC)
18:38:37.393 - [OPS] Hardware trigger: first byte after 5.3s
18:38:39.168 - [OPS] Hardware trigger: 41033 bytes in 7.1s
18:38:41.021 - [OPS] Internal speed trigger re-armed (GC)
18:38:45.724 - [OPS] Hardware trigger: first byte after 4.7s
18:38:47.500 - [OPS] Hardware trigger: 41033 bytes in 6.5s
18:38:49.353 - [OPS] Internal speed trigger re-armed (GC)
18:38:57.088 - [OPS] Hardware trigger: first byte after 7.7s
18:38:58.863 - [OPS] Hardware trigger: 41033 bytes in 9.5s
18:39:00.713 - [OPS] Internal speed trigger re-armed (GC)
18:39:10.756 - [OPS] Hardware trigger: first byte after 9.9s
18:39:12.524 - [OPS] Hardware trigger: 41033 bytes in 11.7s
18:39:14.377 - [OPS] Internal speed trigger re-armed (GC)
18:39:20.287 - [OPS] Hardware trigger: first byte after 5.9s
18:39:22.064 - [OPS] Hardware trigger: 41033 bytes in 7.7s
18:39:23.917 - [OPS] Internal speed trigger re-armed (GC)
18:39:42.541 - [OPS] Hardware trigger: first byte after 18.6s
18:39:44.326 - [OPS] Hardware trigger: 41033 bytes in 20.4s
18:39:46.173 - [OPS] Internal speed trigger re-armed (GC)
18:39:51.219 - [OPS] Hardware trigger: first byte after 4.9s
18:39:53.005 - [OPS] Hardware trigger: 41033 bytes in 6.7s
18:39:54.853 - [OPS] Internal speed trigger re-armed (GC)
18:39:55.719 - [OPS] Hardware trigger: first byte after 0.9s
18:39:57.488 - [OPS] Hardware trigger: 41033 bytes in 2.6s
18:39:59.341 - [OPS] Internal speed trigger re-armed (GC)
18:40:09.428 - [OPS] Hardware trigger: first byte after 10.1s
18:40:11.204 - [OPS] Hardware trigger: 41033 bytes in 11.9s
18:40:13.053 - [OPS] Internal speed trigger re-armed (GC)
18:40:43.071 - [OPS] Hardware trigger: no data received within 30s
